NUTS Overlap Report — channel_stress.buda
Generated : 2026-05-06T11:42:01
Segments  : 172
Violations: 0
Overlaps  : 62  (M4=2  M5=60)

============================================================
  M4  —  2 overlap(s)
============================================================
  [  1]  B18.M4[1]  ×  B29.M4[1]
         span  [280.5, 298.8]  len=18.2
         perp  [219.50, 220.50]  depth=1.00  area=18.25
  [  2]  B24.M4[1]  ×  B28.M4[1]
         span  [286.2, 293.8]  len=7.5
         perp  [189.00, 196.50]  depth=7.50  area=56.25

============================================================
  M5  —  60 overlap(s)
============================================================
  [  1]  B1.M5[0]  ×  B2.M5[0]
         span  [203.5, 420.0]  len=216.5
         perp  [44.75, 48.00]  depth=3.25  area=703.62
  [  2]  B1.M5[0]  ×  B3.M5[0]
         span  [216.0, 420.0]  len=204.0
         perp  [47.75, 48.00]  depth=0.25  area=51.00
  [  3]  B1.M5[0]  ×  B4.M5[0]
         span  [237.5, 420.0]  len=182.5
         perp  [46.25, 48.00]  depth=1.75  area=319.38
  [  4]  B2.M5[0]  ×  B3.M5[0]
         span  [216.0, 420.0]  len=204.0
         perp  [47.75, 52.25]  depth=4.50  area=918.00
  [  5]  B2.M5[0]  ×  B4.M5[0]
         span  [237.5, 420.0]  len=182.5
         perp  [46.25, 53.75]  depth=7.50  area=1368.75
  [  6]  B2.M5[0]  ×  B8.M5[2]
         span  [203.5, 276.0]  len=72.5
         perp  [50.00, 55.25]  depth=5.25  area=380.62
  [  7]  B3.M5[0]  ×  B4.M5[0]
         span  [237.5, 420.0]  len=182.5
         perp  [47.75, 52.25]  depth=4.50  area=821.25
  [  8]  B3.M5[0]  ×  B8.M5[2]
         span  [216.0, 276.0]  len=60.0
         perp  [50.00, 52.25]  depth=2.25  area=135.00
  [  9]  B4.M5[0]  ×  B8.M5[2]
         span  [237.5, 276.0]  len=38.5
         perp  [50.00, 53.75]  depth=3.75  area=144.38
  [ 10]  B9.M5[0]  ×  B10.M5[0]
         span  [174.5, 420.0]  len=245.5
         perp  [127.00, 133.00]  depth=6.00  area=1473.00
  [ 11]  B9.M5[0]  ×  B11.M5[0]
         span  [205.0, 420.0]  len=215.0
         perp  [127.00, 133.00]  depth=6.00  area=1290.00
  [ 12]  B9.M5[0]  ×  B15.M5[0]
         span  [185.5, 420.0]  len=234.5
         perp  [129.25, 130.75]  depth=1.50  area=351.75
  [ 13]  B9.M5[0]  ×  B17.M5[2]
         span  [80.0, 271.5]  len=191.5
         perp  [128.50, 131.50]  depth=3.00  area=574.50
  [ 14]  B9.M5[0]  ×  B40.M5[2]
         span  [80.0, 313.5]  len=233.5
         perp  [127.75, 132.25]  depth=4.50  area=1050.75
  [ 15]  B10.M5[0]  ×  B11.M5[0]
         span  [205.0, 420.0]  len=215.0
         perp  [125.50, 134.50]  depth=9.00  area=1935.00
  [ 16]  B10.M5[0]  ×  B15.M5[0]
         span  [185.5, 420.0]  len=234.5
         perp  [129.25, 130.75]  depth=1.50  area=351.75
  [ 17]  B10.M5[0]  ×  B17.M5[2]
         span  [174.5, 271.5]  len=97.0
         perp  [128.50, 131.50]  depth=3.00  area=291.00
  [ 18]  B10.M5[0]  ×  B40.M5[2]
         span  [174.5, 313.5]  len=139.0
         perp  [127.75, 132.25]  depth=4.50  area=625.50
  [ 19]  B11.M5[0]  ×  B15.M5[0]
         span  [205.0, 420.0]  len=215.0
         perp  [129.25, 130.75]  depth=1.50  area=322.50
  [ 20]  B11.M5[0]  ×  B17.M5[2]
         span  [205.0, 271.5]  len=66.5
         perp  [128.50, 131.50]  depth=3.00  area=199.50
  [ 21]  B11.M5[0]  ×  B40.M5[2]
         span  [205.0, 313.5]  len=108.5
         perp  [127.75, 132.25]  depth=4.50  area=488.25
  [ 22]  B12.M5[2]  ×  B33.M5[0]
         span  [173.0, 276.0]  len=103.0
         perp  [367.00, 370.00]  depth=3.00  area=309.00
  [ 23]  B12.M5[2]  ×  B34.M5[0]
         span  [149.0, 276.0]  len=127.0
         perp  [367.00, 370.00]  depth=3.00  area=381.00
  [ 24]  B13.M5[2]  ×  B20.M5[2]
         span  [80.0, 171.0]  len=91.0
         perp  [448.50, 450.00]  depth=1.50  area=136.50
  [ 25]  B14.M5[2]  ×  B52.M5[0]
         span  [226.0, 307.0]  len=81.0
         perp  [524.00, 526.50]  depth=2.50  area=202.50
  [ 26]  B15.M5[0]  ×  B17.M5[2]
         span  [185.5, 271.5]  len=86.0
         perp  [129.25, 130.75]  depth=1.50  area=129.00
  [ 27]  B15.M5[0]  ×  B40.M5[2]
         span  [185.5, 313.5]  len=128.0
         perp  [129.25, 130.75]  depth=1.50  area=192.00
  [ 28]  B17.M5[2]  ×  B40.M5[2]
         span  [80.0, 271.5]  len=191.5
         perp  [128.50, 131.50]  depth=3.00  area=574.50
  [ 29]  B19.M5[2]  ×  B33.M5[0]
         span  [173.0, 289.0]  len=116.0
         perp  [364.75, 365.00]  depth=0.25  area=29.00
  [ 30]  B20.M5[0]  ×  B22.M5[0]
         span  [168.0, 420.0]  len=252.0
         perp  [208.50, 211.50]  depth=3.00  area=756.00
  [ 31]  B20.M5[0]  ×  B49.M5[2]
         span  [168.0, 342.5]  len=174.5
         perp  [208.50, 210.00]  depth=1.50  area=261.75
  [ 32]  B20.M5[2]  ×  B44.M5[0]
         span  [80.0, 171.0]  len=91.0
         perp  [450.50, 451.50]  depth=1.00  area=91.00
  [ 33]  B21.M5[2]  ×  B52.M5[0]
         span  [226.0, 336.0]  len=110.0
         perp  [533.50, 536.00]  depth=2.50  area=275.00
  [ 34]  B22.M5[0]  ×  B33.M5[2]
         span  [158.5, 183.5]  len=25.0
         perp  [212.00, 213.75]  depth=1.75  area=43.75
  [ 35]  B22.M5[0]  ×  B49.M5[2]
         span  [158.5, 342.5]  len=184.0
         perp  [206.25, 210.00]  depth=3.75  area=690.00
  [ 36]  B24.M5[0]  ×  B26.M5[0]
         span  [189.0, 420.0]  len=231.0
         perp  [286.25, 293.75]  depth=7.50  area=1732.50
  [ 37]  B24.M5[0]  ×  B27.M5[0]
         span  [206.5, 420.0]  len=213.5
         perp  [286.25, 293.75]  depth=7.50  area=1601.25
  [ 38]  B24.M5[0]  ×  B28.M5[0]
         span  [189.0, 420.0]  len=231.0
         perp  [286.25, 293.75]  depth=7.50  area=1732.50
  [ 39]  B24.M5[0]  ×  B42.M5[2]
         span  [189.0, 355.5]  len=166.5
         perp  [287.00, 293.00]  depth=6.00  area=999.00
  [ 40]  B26.M5[0]  ×  B27.M5[0]
         span  [206.5, 420.0]  len=213.5
         perp  [286.25, 293.75]  depth=7.50  area=1601.25
  [ 41]  B26.M5[0]  ×  B28.M5[0]
         span  [189.0, 420.0]  len=231.0
         perp  [286.25, 293.75]  depth=7.50  area=1732.50
  [ 42]  B26.M5[0]  ×  B34.M5[2]
         span  [80.0, 156.5]  len=76.5
         perp  [286.25, 293.75]  depth=7.50  area=573.75
  [ 43]  B26.M5[0]  ×  B42.M5[2]
         span  [80.0, 355.5]  len=275.5
         perp  [287.00, 293.00]  depth=6.00  area=1653.00
  [ 44]  B27.M5[0]  ×  B28.M5[0]
         span  [206.5, 420.0]  len=213.5
         perp  [286.25, 293.75]  depth=7.50  area=1601.25
  [ 45]  B27.M5[0]  ×  B42.M5[2]
         span  [206.5, 355.5]  len=149.0
         perp  [287.00, 293.00]  depth=6.00  area=894.00
  [ 46]  B28.M5[0]  ×  B42.M5[2]
         span  [189.0, 355.5]  len=166.5
         perp  [287.00, 293.00]  depth=6.00  area=999.00
  [ 47]  B33.M5[0]  ×  B34.M5[0]
         span  [173.0, 420.0]  len=247.0
         perp  [366.25, 373.75]  depth=7.50  area=1852.50
  [ 48]  B33.M5[0]  ×  B35.M5[0]
         span  [173.0, 420.0]  len=247.0
         perp  [370.00, 371.50]  depth=1.50  area=370.50
  [ 49]  B33.M5[0]  ×  B43.M5[2]
         span  [173.0, 251.5]  len=78.5
         perp  [373.50, 375.25]  depth=1.75  area=137.38
  [ 50]  B34.M5[0]  ×  B35.M5[0]
         span  [149.0, 420.0]  len=271.0
         perp  [370.00, 371.50]  depth=1.50  area=406.50
  [ 51]  B34.M5[0]  ×  B43.M5[2]
         span  [149.0, 251.5]  len=102.5
         perp  [373.50, 373.75]  depth=0.25  area=25.62
  [ 52]  B34.M5[2]  ×  B42.M5[2]
         span  [80.0, 156.5]  len=76.5
         perp  [287.00, 293.00]  depth=6.00  area=459.00
  [ 53]  B42.M5[0]  ×  B44.M5[0]
         span  [349.5, 420.0]  len=70.5
         perp  [450.50, 453.00]  depth=2.50  area=176.25
  [ 54]  B47.M5[0]  ×  B49.M5[0]
         span  [338.0, 420.0]  len=82.0
         perp  [527.75, 532.25]  depth=4.50  area=369.00
  [ 55]  B47.M5[0]  ×  B52.M5[0]
         span  [278.0, 420.0]  len=142.0
         perp  [527.00, 533.00]  depth=6.00  area=852.00
  [ 56]  B47.M5[0]  ×  B53.M5[0]
         span  [278.0, 420.0]  len=142.0
         perp  [528.50, 531.50]  depth=3.00  area=426.00
  [ 57]  B49.M5[0]  ×  B52.M5[0]
         span  [338.0, 420.0]  len=82.0
         perp  [527.75, 532.25]  depth=4.50  area=369.00
  [ 58]  B49.M5[0]  ×  B53.M5[0]
         span  [338.0, 420.0]  len=82.0
         perp  [528.50, 531.50]  depth=3.00  area=246.00
  [ 59]  B52.M5[0]  ×  B53.M5[0]
         span  [226.0, 420.0]  len=194.0
         perp  [528.50, 531.50]  depth=3.00  area=582.00
  [ 60]  B57.M5[0]  ×  B62.M5[0]
         span  [323.5, 420.0]  len=96.5
         perp  [607.75, 612.25]  depth=4.50  area=434.25


============================================================
  Re-run: M4  —  channel_stress.buda
  At        : 2026-05-06T11:42:01
============================================================

Segments  : 172
Violations: 0
Overlaps  : 88  (M5=88)

============================================================
  M5  —  88 overlap(s)
============================================================
  [  1]  B1.M5[0]  ×  B2.M5[0]
         span  [203.5, 420.0]  len=216.5
         perp  [44.75, 48.00]  depth=3.25  area=703.62
  [  2]  B1.M5[0]  ×  B3.M5[0]
         span  [216.0, 420.0]  len=204.0
         perp  [47.75, 48.00]  depth=0.25  area=51.00
  [  3]  B1.M5[0]  ×  B4.M5[0]
         span  [262.2, 420.0]  len=157.8
         perp  [46.25, 48.00]  depth=1.75  area=276.06
  [  4]  B2.M5[0]  ×  B3.M5[0]
         span  [216.0, 420.0]  len=204.0
         perp  [47.75, 52.25]  depth=4.50  area=918.00
  [  5]  B2.M5[0]  ×  B4.M5[0]
         span  [262.2, 420.0]  len=157.8
         perp  [46.25, 53.75]  depth=7.50  area=1183.12
  [  6]  B2.M5[0]  ×  B8.M5[2]
         span  [203.5, 279.2]  len=75.8
         perp  [50.00, 55.25]  depth=5.25  area=397.69
  [  7]  B3.M5[0]  ×  B4.M5[0]
         span  [262.2, 420.0]  len=157.8
         perp  [47.75, 52.25]  depth=4.50  area=709.88
  [  8]  B3.M5[0]  ×  B8.M5[2]
         span  [216.0, 279.2]  len=63.2
         perp  [50.00, 52.25]  depth=2.25  area=142.31
  [  9]  B4.M5[0]  ×  B8.M5[2]
         span  [262.2, 279.2]  len=17.0
         perp  [50.00, 53.75]  depth=3.75  area=63.75
  [ 10]  B4.M5[2]  ×  B25.M5[0]
         span  [162.2, 269.8]  len=107.5
         perp  [266.00, 269.00]  depth=3.00  area=322.50
  [ 11]  B5.M5[0]  ×  B31.M5[2]
         span  [205.2, 292.2]  len=87.0
         perp  [69.50, 74.00]  depth=4.50  area=391.50
  [ 12]  B5.M5[2]  ×  B32.M5[0]
         span  [187.2, 209.8]  len=22.5
         perp  [346.00, 350.50]  depth=4.50  area=101.25
  [ 13]  B6.M5[0]  ×  B39.M5[2]
         span  [211.8, 284.2]  len=72.5
         perp  [63.00, 66.00]  depth=3.00  area=217.50
  [ 14]  B9.M5[0]  ×  B10.M5[0]
         span  [174.5, 420.0]  len=245.5
         perp  [127.00, 133.00]  depth=6.00  area=1473.00
  [ 15]  B9.M5[0]  ×  B11.M5[0]
         span  [205.0, 420.0]  len=215.0
         perp  [127.00, 133.00]  depth=6.00  area=1290.00
  [ 16]  B9.M5[0]  ×  B15.M5[0]
         span  [185.5, 420.0]  len=234.5
         perp  [129.25, 130.75]  depth=1.50  area=351.75
  [ 17]  B9.M5[0]  ×  B17.M5[2]
         span  [80.0, 271.5]  len=191.5
         perp  [128.50, 131.50]  depth=3.00  area=574.50
  [ 18]  B9.M5[0]  ×  B40.M5[2]
         span  [80.0, 313.5]  len=233.5
         perp  [127.75, 132.25]  depth=4.50  area=1050.75
  [ 19]  B10.M5[0]  ×  B11.M5[0]
         span  [205.0, 420.0]  len=215.0
         perp  [125.50, 134.50]  depth=9.00  area=1935.00
  [ 20]  B10.M5[0]  ×  B15.M5[0]
         span  [185.5, 420.0]  len=234.5
         perp  [129.25, 130.75]  depth=1.50  area=351.75
  [ 21]  B10.M5[0]  ×  B17.M5[2]
         span  [174.5, 271.5]  len=97.0
         perp  [128.50, 131.50]  depth=3.00  area=291.00
  [ 22]  B10.M5[0]  ×  B40.M5[2]
         span  [174.5, 313.5]  len=139.0
         perp  [127.75, 132.25]  depth=4.50  area=625.50
  [ 23]  B10.M5[2]  ×  B16.M5[0]
         span  [247.8, 279.2]  len=31.5
         perp  [191.00, 195.00]  depth=4.00  area=126.00
  [ 24]  B10.M5[2]  ×  B17.M5[0]
         span  [231.8, 279.2]  len=47.5
         perp  [186.00, 189.00]  depth=3.00  area=142.50
  [ 25]  B11.M5[0]  ×  B15.M5[0]
         span  [205.0, 420.0]  len=215.0
         perp  [129.25, 130.75]  depth=1.50  area=322.50
  [ 26]  B11.M5[0]  ×  B17.M5[2]
         span  [205.0, 271.5]  len=66.5
         perp  [128.50, 131.50]  depth=3.00  area=199.50
  [ 27]  B11.M5[0]  ×  B40.M5[2]
         span  [205.0, 313.5]  len=108.5
         perp  [127.75, 132.25]  depth=4.50  area=488.25
  [ 28]  B11.M5[2]  ×  B23.M5[0]
         span  [222.5, 303.2]  len=80.8
         perp  [275.50, 277.00]  depth=1.50  area=121.12
  [ 29]  B11.M5[2]  ×  B29.M5[0]
         span  [219.5, 303.2]  len=83.8
         perp  [280.50, 284.25]  depth=3.75  area=314.06
  [ 30]  B12.M5[2]  ×  B33.M5[0]
         span  [173.0, 321.2]  len=148.2
         perp  [367.00, 370.00]  depth=3.00  area=444.75
  [ 31]  B12.M5[2]  ×  B34.M5[0]
         span  [149.0, 321.2]  len=172.2
         perp  [367.00, 370.00]  depth=3.00  area=516.75
  [ 32]  B13.M5[2]  ×  B20.M5[2]
         span  [80.0, 228.2]  len=148.2
         perp  [448.50, 450.00]  depth=1.50  area=222.38
  [ 33]  B13.M5[2]  ×  B42.M5[0]
         span  [147.8, 302.0]  len=154.2
         perp  [448.50, 450.00]  depth=1.50  area=231.38
  [ 34]  B14.M5[2]  ×  B52.M5[0]
         span  [226.0, 316.2]  len=90.2
         perp  [524.00, 526.50]  depth=2.50  area=225.62
  [ 35]  B15.M5[0]  ×  B17.M5[2]
         span  [185.5, 271.5]  len=86.0
         perp  [129.25, 130.75]  depth=1.50  area=129.00
  [ 36]  B15.M5[0]  ×  B40.M5[2]
         span  [185.5, 313.5]  len=128.0
         perp  [129.25, 130.75]  depth=1.50  area=192.00
  [ 37]  B17.M5[2]  ×  B40.M5[2]
         span  [80.0, 271.5]  len=191.5
         perp  [128.50, 131.50]  depth=3.00  area=574.50
  [ 38]  B18.M5[0]  ×  B33.M5[2]
         span  [172.2, 333.8]  len=161.5
         perp  [219.50, 222.50]  depth=3.00  area=484.50
  [ 39]  B19.M5[2]  ×  B33.M5[0]
         span  [173.0, 289.0]  len=116.0
         perp  [364.75, 365.00]  depth=0.25  area=29.00
  [ 40]  B20.M5[0]  ×  B22.M5[0]
         span  [168.0, 420.0]  len=252.0
         perp  [208.50, 211.50]  depth=3.00  area=756.00
  [ 41]  B20.M5[0]  ×  B49.M5[2]
         span  [168.0, 342.5]  len=174.5
         perp  [208.50, 210.00]  depth=1.50  area=261.75
  [ 42]  B20.M5[2]  ×  B42.M5[0]
         span  [147.8, 228.2]  len=80.5
         perp  [448.50, 451.50]  depth=3.00  area=241.50
  [ 43]  B20.M5[2]  ×  B44.M5[0]
         span  [80.0, 228.2]  len=148.2
         perp  [450.50, 451.50]  depth=1.00  area=148.25
  [ 44]  B21.M5[2]  ×  B52.M5[0]
         span  [226.0, 341.8]  len=115.8
         perp  [533.50, 536.00]  depth=2.50  area=289.38
  [ 45]  B22.M5[0]  ×  B33.M5[2]
         span  [158.5, 333.8]  len=175.2
         perp  [212.00, 213.75]  depth=1.75  area=306.69
  [ 46]  B22.M5[0]  ×  B49.M5[2]
         span  [158.5, 342.5]  len=184.0
         perp  [206.25, 210.00]  depth=3.75  area=690.00
  [ 47]  B22.M5[2]  ×  B55.M5[0]
         span  [218.2, 279.2]  len=61.0
         perp  [604.25, 605.75]  depth=1.50  area=91.50
  [ 48]  B22.M5[2]  ×  B56.M5[0]
         span  [177.2, 279.2]  len=102.0
         perp  [599.50, 604.00]  depth=4.50  area=459.00
  [ 49]  B24.M5[0]  ×  B26.M5[0]
         span  [189.0, 420.0]  len=231.0
         perp  [286.25, 293.75]  depth=7.50  area=1732.50
  [ 50]  B24.M5[0]  ×  B27.M5[0]
         span  [206.5, 420.0]  len=213.5
         perp  [286.25, 293.75]  depth=7.50  area=1601.25
  [ 51]  B24.M5[0]  ×  B28.M5[0]
         span  [189.0, 420.0]  len=231.0
         perp  [286.25, 293.75]  depth=7.50  area=1732.50
  [ 52]  B24.M5[0]  ×  B34.M5[2]
         span  [189.0, 269.8]  len=80.8
         perp  [286.25, 293.75]  depth=7.50  area=605.62
  [ 53]  B24.M5[0]  ×  B42.M5[2]
         span  [189.0, 355.5]  len=166.5
         perp  [287.00, 293.00]  depth=6.00  area=999.00
  [ 54]  B26.M5[0]  ×  B27.M5[0]
         span  [206.5, 420.0]  len=213.5
         perp  [286.25, 293.75]  depth=7.50  area=1601.25
  [ 55]  B26.M5[0]  ×  B28.M5[0]
         span  [189.0, 420.0]  len=231.0
         perp  [286.25, 293.75]  depth=7.50  area=1732.50
  [ 56]  B26.M5[0]  ×  B34.M5[2]
         span  [80.0, 269.8]  len=189.8
         perp  [286.25, 293.75]  depth=7.50  area=1423.12
  [ 57]  B26.M5[0]  ×  B42.M5[2]
         span  [80.0, 355.5]  len=275.5
         perp  [287.00, 293.00]  depth=6.00  area=1653.00
  [ 58]  B27.M5[0]  ×  B28.M5[0]
         span  [206.5, 420.0]  len=213.5
         perp  [286.25, 293.75]  depth=7.50  area=1601.25
  [ 59]  B27.M5[0]  ×  B34.M5[2]
         span  [206.5, 269.8]  len=63.2
         perp  [286.25, 293.75]  depth=7.50  area=474.38
  [ 60]  B27.M5[0]  ×  B42.M5[2]
         span  [206.5, 355.5]  len=149.0
         perp  [287.00, 293.00]  depth=6.00  area=894.00
  [ 61]  B27.M5[2]  ×  B31.M5[0]
         span  [286.2, 301.8]  len=15.5
         perp  [352.50, 358.50]  depth=6.00  area=93.00
  [ 62]  B28.M5[0]  ×  B34.M5[2]
         span  [189.0, 269.8]  len=80.8
         perp  [286.25, 293.75]  depth=7.50  area=605.62
  [ 63]  B28.M5[0]  ×  B42.M5[2]
         span  [189.0, 355.5]  len=166.5
         perp  [287.00, 293.00]  depth=6.00  area=999.00
  [ 64]  B28.M5[2]  ×  B39.M5[0]
         span  [226.0, 351.2]  len=125.2
         perp  [442.50, 445.50]  depth=3.00  area=375.75
  [ 65]  B28.M5[2]  ×  B41.M5[0]
         span  [216.0, 351.2]  len=135.2
         perp  [439.00, 440.50]  depth=1.50  area=202.88
  [ 66]  B29.M5[2]  ×  B50.M5[0]
         span  [236.2, 248.8]  len=12.5
         perp  [506.00, 510.50]  depth=4.50  area=56.25
  [ 67]  B33.M5[0]  ×  B34.M5[0]
         span  [173.0, 420.0]  len=247.0
         perp  [366.25, 373.75]  depth=7.50  area=1852.50
  [ 68]  B33.M5[0]  ×  B35.M5[0]
         span  [173.0, 420.0]  len=247.0
         perp  [370.00, 371.50]  depth=1.50  area=370.50
  [ 69]  B33.M5[0]  ×  B43.M5[2]
         span  [173.0, 289.2]  len=116.2
         perp  [373.50, 375.25]  depth=1.75  area=203.44
  [ 70]  B34.M5[0]  ×  B35.M5[0]
         span  [149.0, 420.0]  len=271.0
         perp  [370.00, 371.50]  depth=1.50  area=406.50
  [ 71]  B34.M5[0]  ×  B43.M5[2]
         span  [149.0, 289.2]  len=140.2
         perp  [373.50, 373.75]  depth=0.25  area=35.06
  [ 72]  B34.M5[2]  ×  B42.M5[2]
         span  [80.0, 269.8]  len=189.8
         perp  [287.00, 293.00]  depth=6.00  area=1138.50
  [ 73]  B36.M5[0]  ×  B51.M5[2]
         span  [262.2, 298.8]  len=36.5
         perp  [378.50, 382.50]  depth=4.00  area=146.00
  [ 74]  B36.M5[2]  ×  B40.M5[0]
         span  [198.8, 266.8]  len=68.0
         perp  [426.00, 430.50]  depth=4.50  area=306.00
  [ 75]  B37.M5[0]  ×  B59.M5[2]
         span  [205.2, 292.0]  len=86.8
         perp  [388.00, 394.00]  depth=6.00  area=520.50
  [ 76]  B38.M5[0]  ×  B51.M5[2]
         span  [234.8, 298.8]  len=64.0
         perp  [384.50, 386.00]  depth=1.50  area=96.00
  [ 77]  B38.M5[2]  ×  B58.M5[0]
         span  [172.2, 236.2]  len=64.0
         perp  [614.25, 615.75]  depth=1.50  area=96.00
  [ 78]  B42.M5[0]  ×  B44.M5[0]
         span  [147.8, 420.0]  len=272.2
         perp  [450.50, 453.00]  depth=2.50  area=680.62
  [ 79]  B45.M5[0]  ×  B52.M5[2]
         span  [262.2, 330.2]  len=68.0
         perp  [462.50, 465.50]  depth=3.00  area=204.00
  [ 80]  B46.M5[0]  ×  B52.M5[2]
         span  [249.2, 330.2]  len=81.0
         perp  [467.50, 469.00]  depth=1.50  area=121.50
  [ 81]  B46.M5[2]  ×  B58.M5[0]
         span  [172.2, 250.8]  len=78.5
         perp  [617.75, 618.75]  depth=1.00  area=78.50
  [ 82]  B47.M5[0]  ×  B49.M5[0]
         span  [254.2, 420.0]  len=165.8
         perp  [527.75, 532.25]  depth=4.50  area=745.88
  [ 83]  B47.M5[0]  ×  B52.M5[0]
         span  [254.2, 420.0]  len=165.8
         perp  [527.00, 533.00]  depth=6.00  area=994.50
  [ 84]  B47.M5[0]  ×  B53.M5[0]
         span  [254.2, 420.0]  len=165.8
         perp  [528.50, 531.50]  depth=3.00  area=497.25
  [ 85]  B49.M5[0]  ×  B52.M5[0]
         span  [228.2, 420.0]  len=191.8
         perp  [527.75, 532.25]  depth=4.50  area=862.88
  [ 86]  B49.M5[0]  ×  B53.M5[0]
         span  [228.2, 420.0]  len=191.8
         perp  [528.50, 531.50]  depth=3.00  area=575.25
  [ 87]  B52.M5[0]  ×  B53.M5[0]
         span  [226.0, 420.0]  len=194.0
         perp  [528.50, 531.50]  depth=3.00  area=582.00
  [ 88]  B57.M5[0]  ×  B62.M5[0]
         span  [155.8, 420.0]  len=264.2
         perp  [607.75, 612.25]  depth=4.50  area=1189.12

