NUTS Overlap Report — ariane133_cache.buda
Generated : 2026-05-24T00:27:43

[NUTS] M5: total bus width 66.0 units, spanning perpendicular interval [-0.5, 111.5]
[NUTS] M5: no local overlaps
[NUTS] M7: total bus width 495.0 units, spanning perpendicular interval [-2.5, 1161.0]
[NUTS] M7 local overlaps: 3 → B2×B3, B2×B2, B2×B4
[NUTS] M8: total bus width 132.0 units, spanning perpendicular interval [557.0, 1226.5]
[NUTS] M8: no local overlaps
[NUTS] Span adjustments: M5:2, M7:14, M8:3

[NUTS] 21 segments placed across 3 layer(s). Interval violations: 10, Track overlaps: 3.
Overlaps  : 3  (M7=3)

============================================================
  M7  —  3 overlap(s)
============================================================
  [  1]  B2.M7[1]  ×  B3.M7[1]
         overlap span  [690.0, 950.5]  len=260.5
         overlap perp  [647.50, 666.50]  depth=19.00  area=4949.50
         B2.M7[1]:
    span=[690.0, 950.5]  perp_center=650.00  width=33.00  → perp=[633.50, 666.50]  interval=[620.0, 680.0]
         B3.M7[1]:
    span=[680.0, 1094.0]  perp_center=664.00  width=33.00  → perp=[647.50, 680.50]  interval=[-75.0, 1256.0]
  [  2]  B2.M7[4]  ×  B2.M7[7]
         overlap span  [914.0, 950.5]  len=36.5
         overlap perp  [166.50, 178.50]  depth=12.00  area=438.00
         B2.M7[4]:
    span=[711.0, 950.5]  perp_center=162.00  width=33.00  → perp=[145.50, 178.50]  interval=[152.0, 172.0]
         B2.M7[7]:
    span=[914.0, 950.5]  perp_center=183.00  width=33.00  → perp=[166.50, 199.50]  interval=[173.0, 193.0]
  [  3]  B2.M7[8]  ×  B4.M7[4]
         overlap span  [711.0, 921.0]  len=210.0
         overlap perp  [312.50, 328.50]  depth=16.00  area=3360.00
         B2.M7[8]:
    span=[711.0, 950.5]  perp_center=312.00  width=33.00  → perp=[295.50, 328.50]  interval=[302.0, 322.0]
         B4.M7[4]:
    span=[573.5, 921.0]  perp_center=329.00  width=33.00  → perp=[312.50, 345.50]  interval=[319.0, 339.0]

