[RoutingGrid] Layer 5: 10 slots, unit_pitch=3.080, signal_density=0.364, dilution=2.750
[RoutingGrid] Layer 6: 10 slots, unit_pitch=3.080, signal_density=0.364, dilution=2.750
[RoutingGrid] Layer 7: 10 slots, unit_pitch=8.800, signal_density=0.364, dilution=2.750
[RoutingGrid] Layer 8: 10 slots, unit_pitch=8.800, signal_density=0.364, dilution=2.750
Bundler created 4 bundles.
Generated 17 topologies for bundle 2 (cache_ctrl->[d_tag0,d_tag1,d_tag2,d_tag3,d_tag4,d_tag5,d_tag7])
Generated 21 topologies for bundle 1 (cache_ctrl->[d_data0,d_data1,d_data2,d_data3,d_data4,d_data5,d_data6,d_data7])
Generated 16 topologies for bundle 3 (cache_ctrl->[i_data0,i_data1,i_data2,i_data3])
Generated 16 topologies for bundle 4 (cache_ctrl->[i_tag0,i_tag1,i_tag3])
[Planner] Grid extended: 2 X, 2 Y points from topology candidates.
[Planner] Layer channel capacities:
  M6 (V)  min_band_cap=0
  M8 (V)  min_band_cap=1
  M5 (H)  min_band_cap=0
  M7 (H)  min_band_cap=1
[Planner] Bundle 1 (12 units wide) -> TRUNK_V@x672  [V→M8 H→M7 H→M7 H→M7 H→M7]  overflow=21
[Planner] Bundle 2 (12 units wide) -> TRUNK_V_OOB@x953  [V→M8 H→M7 H→M7 H→M5 H→M7 H→M7 H→M5 H→M7 H→M7]  overflow=18
[Planner] Bundle 3 (12 units wide) -> MST_HV  [V→M8 H→M7]  overflow=0
[Planner] Bundle 4 (12 units wide) -> TRUNK_V_OOB@x573  [V→M8 H→M7 H→M7 H→M7 H→M7]  overflow=18
[NUTS] 21 segments placed across 3 layer(s). Interval violations: 10, Track overlaps: 3.
[NUTS] M5: total bus width 66.0 units, spanning perpendicular interval [-0.5, 111.5]
[NUTS] M5: no local overlaps
[NUTS] M7: total bus width 495.0 units, spanning perpendicular interval [-2.5, 1161.0]
[NUTS] M7 local overlaps: 3 → B2×B3, B2×B2, B2×B4
[NUTS] M8: total bus width 132.0 units, spanning perpendicular interval [557.0, 1226.5]
[NUTS] M8: no local overlaps
[NUTS] Span adjustments: M5:2, M7:14, M8:3
NUTS overlap log → /Users/ben/src/buda/buda_system_v2/flow/ariane133_cache_nuts.log
[DetailedNUTS] 168 net segments placed, 0 bits unplaced.
