[RoutingGrid] Layer 7: 10 slots, unit_pitch=8.800, signal_density=0.364, dilution=2.750
[RoutingGrid] Layer 8: 10 slots, unit_pitch=8.800, signal_density=0.364, dilution=2.750
[RoutingGrid] Layer 9: 10 slots, unit_pitch=17.600, signal_density=0.364, dilution=2.750
[RoutingGrid] Layer 10: 10 slots, unit_pitch=17.600, signal_density=0.364, dilution=2.750
Bundler created 8 bundles.
Generated 7 topologies for bundle 7 (core->l2_data)
Generated 6 topologies for bundle 8 (core->l2_tag)
Generated 7 topologies for bundle 1 (core->cce_dir)
Generated 7 topologies for bundle 2 (core->cce_inst)
Generated 20 topologies for bundle 4 (core->[dcd0,dcd1,dcd2,dcd3,dcd4,dcd5,dcd6,dcd7])
Generated 6 topologies for bundle 3 (core->dcache_tag)
Generated 17 topologies for bundle 6 (core->[icd0,icd1,icd2,icd3,icd4,icd5,icd6,icd7])
Generated 7 topologies for bundle 5 (core->icache_tag)
[Planner] Grid extended: 3 X, 3 Y points from topology candidates.
[Planner] Layer channel capacities:
  M8 (V)  min_band_cap=0
  M10 (V)  min_band_cap=1
  M7 (H)  min_band_cap=0
  M9 (H)  min_band_cap=1
[Planner] Bundle 4 (13.5 units wide) -> TRUNK_H@y2409  [H→M9 V→M10 V→M10 V→M10 V→M10 V→M10 V→M10]  overflow=0
[Planner] Bundle 6 (13.5 units wide) -> TRUNK_H@y2394  [H→M9 V→M10 V→M10 V→M10 V→M10 V→M10 V→M10 V→M10 V→M10]  overflow=0
[Planner] Bundle 7 (13.5 units wide) -> I_V  [V→M10]  overflow=0
[Planner] Bundle 2 (12 units wide) -> L_HV@x850@y1395  [H→M9 V→M10]  overflow=0
[Planner] Bundle 8 (10.5 units wide) -> L_VH@y985@x605  [V→M10 H→M9]  overflow=0
[Planner] Bundle 1 (9 units wide) -> I_V  [V→M10]  overflow=0
[Planner] Bundle 3 (9 units wide) -> L_VH@y2558@x815  [V→M10 H→M9]  overflow=5.75
[Planner] Bundle 5 (9 units wide) -> I_V  [V→M10]  overflow=6.875
[NUTS] 25 segments placed across 2 layer(s). Interval violations: 0, Track overlaps: 1.
[NUTS] M9: total bus width 160.9 units, spanning perpendicular interval [956.1, 2582.8]
[NUTS] M9: no local overlaps
[NUTS] M10: total bus width 693.0 units, spanning perpendicular interval [86.9, 1468.0]
[NUTS] M10 local overlaps: 1 → B5×B6
[NUTS] Span adjustments: M9:5, M10:17
NUTS overlap log → /Users/ben/src/buda/buda_system_v2/flow/bp_tile_nuts.log
[DetailedNUTS] 207 net segments placed, 0 bits unplaced.
