NUTS Overlap Report — cShape1.buda
Generated : 2026-05-23T20:16:29

[NUTS] M4: total bus width 3.0 units, spanning perpendicular interval [98.5, 151.5]
[NUTS] M4: no local overlaps
[NUTS] M5: total bus width 1.5 units, spanning perpendicular interval [449.2, 450.8]
[NUTS] M5: no local overlaps
[NUTS] Span adjustments: M5:1

[NUTS] 3 segments placed across 2 layer(s). Interval violations: 0, Track overlaps: 0.
Overlaps  : 0  ()

No overlaps.

============================================================
  Re-run: topo-rerun  —  cShape1.buda
  At        : 2026-05-23T20:16:56
============================================================

[NUTS] M4: total bus width 3.0 units, spanning perpendicular interval [150.0, 400.0]
[NUTS] M4: no local overlaps
[NUTS] M5: total bus width 1.5 units, spanning perpendicular interval [-21.5, -20.0]
[NUTS] M5: no local overlaps
[NUTS] Span adjustments: M4:2, M5:1

[NUTS] 3 segments placed across 2 layer(s). Interval violations: 0, Track overlaps: 0.
Overlaps  : 0  ()

No overlaps.

============================================================
  Re-run: topo-rerun  —  cShape1.buda
  At        : 2026-05-23T20:18:11
============================================================

[NUTS] M4: total bus width 1.5 units, spanning perpendicular interval [150.0, 151.5]
[NUTS] M4: no local overlaps
[NUTS] M5: total bus width 1.5 units, spanning perpendicular interval [398.5, 400.0]
[NUTS] M5: no local overlaps
[NUTS] Span adjustments: M4:1, M5:1

[NUTS] 2 segments placed across 2 layer(s). Interval violations: 0, Track overlaps: 0.
Overlaps  : 0  ()

No overlaps.

============================================================
  Re-run: topo-rerun  —  cShape1.buda
  At        : 2026-05-23T20:19:04
============================================================

[NUTS] M4: total bus width 1.5 units, spanning perpendicular interval [420.0, 421.5]
[NUTS] M4: no local overlaps
[NUTS] M5: total bus width 3.0 units, spanning perpendicular interval [298.5, 501.5]
[NUTS] M5: no local overlaps
[NUTS] Span adjustments: M4:1, M5:2

[NUTS] 3 segments placed across 2 layer(s). Interval violations: 0, Track overlaps: 0.
Overlaps  : 0  ()

No overlaps.

============================================================
  Re-run: topo-rerun  —  cShape1.buda
  At        : 2026-05-23T20:23:34
============================================================

[NUTS] M4: total bus width 3.0 units, spanning perpendicular interval [98.5, 151.5]
[NUTS] M4: no local overlaps
[NUTS] M5: total bus width 1.5 units, spanning perpendicular interval [449.2, 450.8]
[NUTS] M5: no local overlaps
[NUTS] Span adjustments: M5:1

[NUTS] 3 segments placed across 2 layer(s). Interval violations: 0, Track overlaps: 0.
Overlaps  : 0  ()

No overlaps.

============================================================
  Re-run: topo-rerun  —  cShape1.buda
  At        : 2026-05-23T20:23:49
============================================================

[NUTS] M4: total bus width 1.5 units, spanning perpendicular interval [150.0, 151.5]
[NUTS] M4: no local overlaps
[NUTS] M5: total bus width 1.5 units, spanning perpendicular interval [398.5, 400.0]
[NUTS] M5: no local overlaps
[NUTS] Span adjustments: M4:1, M5:1

[NUTS] 2 segments placed across 2 layer(s). Interval violations: 0, Track overlaps: 0.
Overlaps  : 0  ()

No overlaps.
