Bundler created 4 bundles.
Generated 8 topologies for bundle 1 (u0->u11)
Generated 6 topologies for bundle 2 (u0->u12)
Generated 5 topologies for bundle 3 (u0->v0)
Generated 5 topologies for bundle 4 (v0->u11)
Pinned bundle 'bv2_0' to topology 0 (I_V, WL=200)
Pinned bundle 'n11_0' to topology 1 (L_HV@x810@y458, WL=418)
Pinned bundle 'n12_0' to topology 1 (Z_VHV@y325@x590, WL=270)
[Planner] Grid extended: 2 X, 3 Y points from topology candidates.
[Planner] Layer channel capacities:
  M5 (V)  min_band_cap=60
  M4 (H)  min_band_cap=5
[Planner] Bundle 1 (48 units wide) -> L_HV@x810@y458 [pinned]  [H→M4 V→M5]  overflow=0
[Planner] Bundle 2 (48 units wide) -> Z_VHV@y325@x590 [pinned]  [V→M5 H→M4 V→M5]  overflow=0
[Planner] Bundle 3 (24 units wide) -> U_VHV@y430  [V→M5 H→M4 V→M5]  overflow=0
[Planner] Bundle 4 (24 units wide) -> I_V [pinned]  [V→M5]  overflow=0
[NUTS] 9 segments placed across 2 layer(s). Interval violations: 0, Track overlaps: 0.
[NUTS] M4: total bus width 180.0 units, spanning perpendicular interval [289.0, 530.0]
[NUTS] M4: no local overlaps
[NUTS] M5: total bus width 324.0 units, spanning perpendicular interval [481.0, 955.0]
[NUTS] M5: no local overlaps
[NUTS] Span adjustments: M4:3, M5:3
NUTS overlap log → /Users/ben/src/buda/buda_system_v2/flow/dnuts1_nuts.log
[RoutingGrid] Layer 4: 10 slots, unit_pitch=18.000, signal_density=0.444, dilution=2.250
[RoutingGrid] Layer 5: 10 slots, unit_pitch=18.000, signal_density=0.444, dilution=2.250
[DetailedNUTS] 224 net segments placed, 0 bits unplaced.
