[RoutingGrid] Layer 2: 10 slots, unit_pitch=18.000, signal_density=0.444, dilution=2.250
[RoutingGrid] Layer 3: 10 slots, unit_pitch=18.000, signal_density=0.444, dilution=2.250
[RoutingGrid] Layer 4: 10 slots, unit_pitch=18.000, signal_density=0.444, dilution=2.250
[RoutingGrid] Layer 5: 10 slots, unit_pitch=32.000, signal_density=0.500, dilution=2.000
[RoutingGrid] Layer 6: 10 slots, unit_pitch=34.000, signal_density=0.471, dilution=2.125
[RoutingGrid] Layer 7: 8 slots, unit_pitch=41.000, signal_density=0.439, dilution=2.278
Bundler created 4 bundles.
Generated 5 topologies for bundle 1 (u1->u2)
Generated 10 topologies for bundle 2 (u1->[u2,u3])
Generated 13 topologies for bundle 3 (u1->[u2,u3,u4])
Generated 13 topologies for bundle 4 (u2->[u3,u4,u1])
[Check] Verifying topology-level connectivity...
  Success: no opens found.
Pinned bundle 'b1_0' to topology 1 (U_VHV@y105, WL=62)
Pinned bundle 'b2_0' to topology 3 (TRUNK_V@x125, WL=127)
Pinned bundle 'b3_0' to topology 0 (TRUNK_H@y125, WL=152)
Pinned bundle 'b4_0' to topology 1 (TRUNK_V@x125, WL=152)
[Planner] Grid extended: 2 X, 3 Y points from topology candidates.
[Planner] Layer channel capacities:
  M3 (V)  min_band_cap=0
  M5 (V)  min_band_cap=15
  M7 (V)  min_band_cap=0
  M2 (H)  min_band_cap=0
  M4 (H)  min_band_cap=0
  M6 (H)  min_band_cap=5
[Planner] Bundle 4 (7.5 units wide) -> TRUNK_V@x125 [pinned]  [V→M5 H→M6 H→M6 H→M6 H→M6]  overflow=0
[Planner] Bundle 3 (6 units wide) -> TRUNK_H@y125 [pinned]  [H→M6 V→M5 V→M5 V→M5 V→M5]  overflow=0
[Planner] Bundle 2 (4.5 units wide) -> TRUNK_V@x125 [pinned]  [V→M5 H→M6 H→M6 H→M6]  overflow=0
[Planner] Bundle 1 (3 units wide) -> U_VHV@y105 [pinned]  [V→M5 H→M6 V→M5]  overflow=0
[NUTS] 17 segments placed across 2 layer(s). Interval violations: 0, Track overlaps: 0.
[NUTS] M5: total bus width 84.0 units, spanning perpendicular interval [80.0, 170.0]
[NUTS] M5: no local overlaps
[NUTS] M6: total bus width 111.6 units, spanning perpendicular interval [72.5, 177.5]
[NUTS] M6: no local overlaps
[NUTS] Span adjustments: M5:4, M6:5
NUTS overlap log → /Users/ben/src/buda/buda_system_v2/flow/four_blocks_nuts.log
[Check] Verifying NUTS-level connectivity...
  Success: no opens found.
[DetailedNUTS] 63 net segments placed, 0 bits unplaced.
[Check] Verifying Detailed NUTS-level connectivity (bit-level)...
  Success: no opens found.
[viz_ipc] listening on /tmp/buda_ipc_four_blocks.sock
[buda_viz] IPC session='four_blocks' connected=False
[buda_viz] IPC timer started (backend=FigureCanvasMac)
[viz_ipc] accepted connection on /tmp/buda_ipc_four_blocks.sock
