[RoutingGrid] Layer 4: 4 slots, unit_pitch=16.000, signal_density=0.375, dilution=2.667
[RoutingGrid] Layer 5: 4 slots, unit_pitch=16.000, signal_density=0.375, dilution=2.667
[Floorplan] Added keepout zone at (300,100)-(500,300) for layers [4]
Bundler created 2 bundles.
Generated 8 topologies for bundle 1 (unit1->unit2)
Generated 5 topologies for bundle 2 (unit1->unit3)
Pinned bundle 'blocked_0' to topology 1 (U_VHV@y220, WL=540)
[Planner] Grid extended: 2 X, 2 Y points from topology candidates.
[Planner] Layer channel capacities:
  M5 (V)  min_band_cap=70
  M4 (H)  min_band_cap=0
[Planner] Bundle 1 (6 units wide) -> L_VH@y700@x200  [V→M5 H→M4]  overflow=0
[Planner] Bundle 2 (6 units wide) -> U_VHV@y220 [pinned]  [V→M5 H→M4 V→M5]  overflow=16
[NUTS] 5 segments placed across 2 layer(s). Interval violations: 0, Track overlaps: 0.
[NUTS] M4: total bus width 32.0 units, spanning perpendicular interval [228.0, 716.0]
[NUTS] M4: no local overlaps
[NUTS] M5: total bus width 48.0 units, spanning perpendicular interval [167.0, 716.0]
[NUTS] M5: no local overlaps
[NUTS] Span adjustments: M4:2, M5:3
NUTS overlap log → /Users/ben/src/buda/buda_system_v2/flow/keepout_demo_nuts.log
[DetailedNUTS] Warning: Layer 4 has insufficient signal tracks (0) for bus width 4 in interval [228, 292]
[DetailedNUTS] 16 net segments placed, 4 bits unplaced.
