NUTS Overlap Report — large_fanout.buda
Generated : 2026-05-22T21:02:36

[NUTS] M4: total bus width 408.0 units, spanning perpendicular interval [426.0, 474.0]
[NUTS] M4 local overlaps: 8 → B1×B3, B1×B3, B1×B3, B1×B3, B1×B3, B1×B3, B1×B3, B1×B3
[NUTS] M5: total bus width 192.0 units, spanning perpendicular interval [1800.0, 1874.0]
[NUTS] M5: no local overlaps
[NUTS] M6: total bus width 1536.0 units, spanning perpendicular interval [26.0, 874.0]
[NUTS] M6: no local overlaps
[NUTS] M7: total bus width 816.0 units, spanning perpendicular interval [26.0, 1898.0]
[NUTS] M7: no local overlaps
[NUTS] Span adjustments: M4:1

[NUTS] 59 segments placed across 4 layer(s). Interval violations: 0, Track overlaps: 8.
Overlaps  : 8  (M4=8)

============================================================
  M4  —  8 overlap(s)
============================================================
  [  1]  B1.M6[5]  ×  B3.M6[0]
         overlap span  [900.0, 1000.0]  len=100.0
         overlap perp  [438.00, 462.00]  depth=24.00  area=2400.00
         B1.M6[5]:
    span=[900.0, 1000.0]  perp_center=450.00  width=48.00  → perp=[426.00, 474.00]  interval=[400.0, 500.0]
         B3.M6[0]:
    span=[88.0, 1812.0]  perp_center=450.00  width=24.00  → perp=[438.00, 462.00]  interval=[410.0, 490.0]
  [  2]  B1.M6[8]  ×  B3.M6[0]
         overlap span  [1700.0, 1800.0]  len=100.0
         overlap perp  [438.00, 462.00]  depth=24.00  area=2400.00
         B1.M6[8]:
    span=[1700.0, 1800.0]  perp_center=450.00  width=48.00  → perp=[426.00, 474.00]  interval=[400.0, 500.0]
         B3.M6[0]:
    span=[88.0, 1812.0]  perp_center=450.00  width=24.00  → perp=[438.00, 462.00]  interval=[410.0, 490.0]
  [  3]  B1.M6[14]  ×  B3.M6[0]
         overlap span  [1500.0, 1600.0]  len=100.0
         overlap perp  [438.00, 462.00]  depth=24.00  area=2400.00
         B1.M6[14]:
    span=[1500.0, 1600.0]  perp_center=450.00  width=48.00  → perp=[426.00, 474.00]  interval=[400.0, 500.0]
         B3.M6[0]:
    span=[88.0, 1812.0]  perp_center=450.00  width=24.00  → perp=[438.00, 462.00]  interval=[410.0, 490.0]
  [  4]  B1.M6[19]  ×  B3.M6[0]
         overlap span  [1300.0, 1400.0]  len=100.0
         overlap perp  [438.00, 462.00]  depth=24.00  area=2400.00
         B1.M6[19]:
    span=[1300.0, 1400.0]  perp_center=450.00  width=48.00  → perp=[426.00, 474.00]  interval=[400.0, 500.0]
         B3.M6[0]:
    span=[88.0, 1812.0]  perp_center=450.00  width=24.00  → perp=[438.00, 462.00]  interval=[410.0, 490.0]
  [  5]  B1.M6[26]  ×  B3.M6[0]
         overlap span  [1100.0, 1200.0]  len=100.0
         overlap perp  [438.00, 462.00]  depth=24.00  area=2400.00
         B1.M6[26]:
    span=[1100.0, 1200.0]  perp_center=450.00  width=48.00  → perp=[426.00, 474.00]  interval=[400.0, 500.0]
         B3.M6[0]:
    span=[88.0, 1812.0]  perp_center=450.00  width=24.00  → perp=[438.00, 462.00]  interval=[410.0, 490.0]
  [  6]  B1.M6[36]  ×  B3.M6[0]
         overlap span  [300.0, 400.0]  len=100.0
         overlap perp  [438.00, 462.00]  depth=24.00  area=2400.00
         B1.M6[36]:
    span=[300.0, 400.0]  perp_center=450.00  width=48.00  → perp=[426.00, 474.00]  interval=[400.0, 500.0]
         B3.M6[0]:
    span=[88.0, 1812.0]  perp_center=450.00  width=24.00  → perp=[438.00, 462.00]  interval=[410.0, 490.0]
  [  7]  B1.M6[41]  ×  B3.M6[0]
         overlap span  [500.0, 600.0]  len=100.0
         overlap perp  [438.00, 462.00]  depth=24.00  area=2400.00
         B1.M6[41]:
    span=[500.0, 600.0]  perp_center=450.00  width=48.00  → perp=[426.00, 474.00]  interval=[400.0, 500.0]
         B3.M6[0]:
    span=[88.0, 1812.0]  perp_center=450.00  width=24.00  → perp=[438.00, 462.00]  interval=[410.0, 490.0]
  [  8]  B1.M6[48]  ×  B3.M6[0]
         overlap span  [700.0, 800.0]  len=100.0
         overlap perp  [438.00, 462.00]  depth=24.00  area=2400.00
         B1.M6[48]:
    span=[700.0, 800.0]  perp_center=450.00  width=48.00  → perp=[426.00, 474.00]  interval=[400.0, 500.0]
         B3.M6[0]:
    span=[88.0, 1812.0]  perp_center=450.00  width=24.00  → perp=[438.00, 462.00]  interval=[410.0, 490.0]

