Bundler created 3 bundles.
Generated 35 topologies for bundle 1 (u_0_0->[u_0_1,u_0_2,u_0_3,u_0_4,u_1_0,u_1_1,u_1_2,u_1_3,u_1_4,u_2_0,u_2_1,u_2_2,u_2_3,u_2_4,u_3_0,u_3_1,u_3_2,u_3_3,u_3_4,u_4_0,u_4_1,u_4_2,u_4_3,u_4_4,u_5_0,u_5_1,u_5_2,u_5_3,u_5_4,u_6_0,u_6_1,u_6_2,u_6_3,u_6_4,u_7_0,u_7_1,u_7_2,u_7_3,u_7_4,u_8_0,u_8_1,u_8_2,u_8_3,u_8_4,u_9_0,u_9_1,u_9_2,u_9_3,u_9_4])
Generated 19 topologies for bundle 2 (u_0_2->[u_9_0,u_9_1,u_9_2,u_9_3,u_9_4])
Generated 17 topologies for bundle 3 (u_4_2->[u_0_0,u_0_4,u_9_0,u_9_4])
[Planner] Grid extended: 2 X, 2 Y points from topology candidates.
[Planner] Layer channel capacities:
  M3 (V)  min_band_cap=100
  M5 (V)  min_band_cap=100
  M7 (V)  min_band_cap=100
  M4 (H)  min_band_cap=90
  M6 (H)  min_band_cap=90
[Planner] Bundle 2 (96 units wide) -> MST_HV  [V→M7 V→M7 V→M7 V→M7 H→M6]  overflow=0
[Planner] Bundle 1 (48 units wide) -> MST_HV  [H→M6 H→M6 V→M5 H→M6 V→M5 H→M4 H→M6 V→M7 H→M4 V→M7 H→M6 H→M6 H→M6 H→M6 H→M4 H→M6 H→M6 H→M6 H→M6 H→M4 V→M7 H→M6 H→M6 H→M6 H→M6 H→M6 H→M4 H→M6 H→M6 H→M6 V→M7 V→M7 H→M6 H→M6 V→M7 V→M7 H→M4 H→M6 H→M6 H→M6 H→M6 H→M4 H→M6 H→M6 V→M5 V→M7 H→M6 H→M6 H→M4]  overflow=0
[Planner] Bundle 3 (24 units wide) -> TRUNK_H@y450  [H→M4 V→M7 V→M7 V→M5 V→M5]  overflow=0
[NUTS] 59 segments placed across 4 layer(s). Interval violations: 0, Track overlaps: 8.
[NUTS] M4: total bus width 408.0 units, spanning perpendicular interval [426.0, 474.0]
[NUTS] M4 local overlaps: 8 → B1×B3, B1×B3, B1×B3, B1×B3, B1×B3, B1×B3, B1×B3, B1×B3
[NUTS] M5: total bus width 192.0 units, spanning perpendicular interval [1800.0, 1874.0]
[NUTS] M5: no local overlaps
[NUTS] M6: total bus width 1536.0 units, spanning perpendicular interval [26.0, 874.0]
[NUTS] M6: no local overlaps
[NUTS] M7: total bus width 816.0 units, spanning perpendicular interval [26.0, 1898.0]
[NUTS] M7: no local overlaps
[NUTS] Span adjustments: M4:1
NUTS overlap log → /Users/ben/src/buda/buda_system_v2/flow/large_fanout_nuts.log
