[RoutingGrid] Layer 3: 10 slots, unit_pitch=1.540, signal_density=0.364, dilution=2.750
[RoutingGrid] Layer 4: 10 slots, unit_pitch=3.080, signal_density=0.364, dilution=2.750
[RoutingGrid] Layer 5: 10 slots, unit_pitch=3.080, signal_density=0.364, dilution=2.750
[RoutingGrid] Layer 6: 10 slots, unit_pitch=3.080, signal_density=0.364, dilution=2.750
[Floorplan] Added keepout zone at (0,266)-(360,290) for layers [5, 6]
Bundler created 8 bundles.
Generated 16 topologies for bundle 1 (core_0->[bank_r0c0,bank_r0c1,bank_r0c2,bank_r0c3,bank_r1c0,bank_r1c1,bank_r1c2,bank_r1c3,bank_r2c0,bank_r2c1,bank_r2c2,bank_r2c3,bank_r3c0,bank_r3c1,bank_r3c2,bank_r3c3])
Generated 15 topologies for bundle 3 (core_1->[bank_r0c0,bank_r0c1,bank_r0c2,bank_r0c3,bank_r1c0,bank_r1c1,bank_r1c2,bank_r1c3,bank_r2c0,bank_r2c1,bank_r2c2,bank_r2c3,bank_r3c0,bank_r3c1,bank_r3c2,bank_r3c3])
Generated 15 topologies for bundle 5 (core_2->[bank_r0c0,bank_r0c1,bank_r0c2,bank_r0c3,bank_r1c0,bank_r1c1,bank_r1c2,bank_r1c3,bank_r2c0,bank_r2c1,bank_r2c2,bank_r2c3,bank_r3c0,bank_r3c1,bank_r3c2,bank_r3c3])
Generated 14 topologies for bundle 7 (core_3->[bank_r0c0,bank_r0c1,bank_r0c2,bank_r0c3,bank_r1c0,bank_r1c1,bank_r1c2,bank_r1c3,bank_r2c0,bank_r2c1,bank_r2c2,bank_r2c3,bank_r3c0,bank_r3c1,bank_r3c2,bank_r3c3])
Generated 5 topologies for bundle 2 (core_0->icache_0)
Generated 6 topologies for bundle 4 (core_1->icache_0)
Generated 5 topologies for bundle 6 (core_2->icache_1)
Generated 3 topologies for bundle 8 (core_3->icache_1)
[Planner] Grid extended: 2 X, 2 Y points from topology candidates.
[Planner] Layer channel capacities:
  M4 (V)  min_band_cap=0
  M6 (V)  min_band_cap=0
  M3 (H)  min_band_cap=0
  M5 (H)  min_band_cap=0
[Planner] Bundle 1 (96 units wide) -> TRUNK_H@y142  [H→M5 V→M6 V→M6 V→M6 V→M6 V→M6 V→M4 V→M4 V→M4 V→M4 V→M6 V→M6 V→M6 V→M6]  overflow=229
[Planner] Bundle 3 (96 units wide) -> MST_HV  [H→M5 H→M3 H→M5 H→M5 H→M5 H→M5 H→M3 H→M5 H→M5 H→M5 H→M5 H→M3 V→M4 V→M6 V→M6 H→M5]  overflow=493
[Planner] Bundle 5 (96 units wide) -> MST_HV  [H→M5 H→M3 H→M3 H→M5 H→M3 H→M3 H→M5 H→M3 H→M3 H→M3 H→M3 H→M3 V→M6 V→M6 V→M6 H→M5]  overflow=493
[Planner] Bundle 7 (96 units wide) -> TRUNK_H@y142  [H→M5 V→M6 V→M6 V→M6 V→M6 V→M4 V→M4 V→M4 V→M4 V→M4 V→M4 V→M4 V→M4]  overflow=757
[Planner] Bundle 2 (48 units wide) -> I_V  [V→M6]  overflow=316
[Planner] Bundle 4 (48 units wide) -> Z_VHV@y142@x105  [V→M6 H→M3 V→M6]  overflow=184
[Planner] Bundle 6 (48 units wide) -> U_VHV@y80  [V→M4 H→M5 V→M6]  overflow=184
[Planner] Bundle 8 (48 units wide) -> I_V  [V→M4]  overflow=52
[NUTS] 67 segments placed across 4 layer(s). Interval violations: 35, Track overlaps: 223.
[NUTS] M3: total bus width 3300.0 units, spanning perpendicular interval [-15.0, 290.0]
[NUTS] M3 local overlaps: 18 → B3×B5, B3×B5, B3×B5, B3×B5, B3×B5, B3×B5, B3×B5, B3×B5, B3×B5, B5×B5, B5×B5, B5×B5, B5×B5, B5×B5, B5×B5, B5×B5, B5×B5, B5×B5
[NUTS] M4: total bus width 3696.0 units, spanning perpendicular interval [-16.0, 464.5]
[NUTS] M4 local overlaps: 34 → B1×B1, B1×B1, B1×B1, B1×B7, B1×B7, B1×B7, B1×B7, B1×B1, B1×B1, B1×B7, B1×B7, B1×B7, B1×B7, B1×B1, B1×B7, B1×B7, B1×B7, B1×B7, B1×B7, B1×B7, B1×B7, B1×B7, B7×B7, B7×B7, B7×B7, B7×B7, B7×B7, B7×B7, B7×B7, B7×B7, B7×B7, B7×B7, B7×B7, B7×B7
[NUTS] M5: total bus width 4356.0 units, spanning perpendicular interval [-33.5, 274.5]
[NUTS] M5 local overlaps: 50 → B1×B3, B1×B3, B1×B3, B1×B3, B1×B3, B1×B3, B1×B3, B1×B3, B1×B3, B1×B3, B1×B5, B1×B5, B1×B5, B1×B5, B1×B6, B1×B7, B3×B3, B3×B3, B3×B5, B3×B7, B3×B3, B3×B5, B3×B7, B3×B3, B3×B3, B3×B5, B3×B7, B3×B5, B3×B7, B3×B3, B3×B3, B3×B5, B3×B7, B3×B3, B3×B5, B3×B7, B3×B5, B3×B7, B3×B3, B3×B5, B3×B7, B3×B5, B3×B7, B3×B5, B3×B7, B5×B7, B5×B7, B5×B7, B5×B6, B5×B7
[NUTS] M6: total bus width 5280.0 units, spanning perpendicular interval [-82.0, 464.5]
[NUTS] M6 local overlaps: 121 → B1×B1, B1×B1, B1×B1, B1×B2, B1×B3, B1×B4, B1×B5, B1×B6, B1×B7, B1×B7, B1×B7, B1×B1, B1×B1, B1×B1, B1×B2, B1×B3, B1×B4, B1×B5, B1×B5, B1×B6, B1×B7, B1×B7, B1×B7, B1×B7, B1×B1, B1×B1, B1×B3, B1×B4, B1×B5, B1×B5, B1×B6, B1×B7, B1×B7, B1×B7, B1×B7, B1×B1, B1×B3, B1×B4, B1×B5, B1×B5, B1×B6, B1×B7, B1×B7, B1×B7, B1×B7, B1×B3, B1×B4, B1×B5, B1×B5, B1×B6, B1×B7, B1×B7, B1×B7, B1×B7, B1×B1, B1×B1, B1×B1, B1×B2, B1×B3, B1×B4, B1×B5, B1×B6, B1×B1, B1×B1, B1×B3, B1×B5, B1×B6, B1×B1, B1×B3, B1×B5, B1×B6, B1×B3, B1×B5, B1×B6, B2×B3, B2×B3, B2×B4, B2×B4, B2×B5, B2×B5, B2×B6, B2×B7, B3×B4, B3×B5, B3×B6, B3×B4, B3×B5, B3×B6, B3×B7, B3×B7, B3×B7, B3×B7, B4×B5, B4×B6, B4×B7, B4×B7, B4×B7, B4×B7, B4×B5, B4×B6, B5×B6, B5×B7, B5×B7, B5×B7, B5×B7, B5×B6, B5×B6, B5×B7, B5×B7, B5×B7, B5×B7, B6×B7, B6×B7, B6×B7, B6×B7, B7×B7, B7×B7, B7×B7, B7×B7, B7×B7, B7×B7
[NUTS] Span adjustments: M3:1, M4:13, M5:3, M6:16
NUTS overlap log → /Users/ben/src/buda/buda_system_v2/flow/mempool_tile_nuts.log
[DetailedNUTS] 3264 net segments placed, 768 bits unplaced.
