NUTS Overlap Report — mempool_group.buda
Generated : 2026-05-23T21:26:43

[NUTS] M7: total bus width 2673.0 units, spanning perpendicular interval [-88.8, 1188.5]
[NUTS] M7: no local overlaps
[NUTS] M8: total bus width 3861.0 units, spanning perpendicular interval [-88.8, 1114.8]
[NUTS] M8 local overlaps: 8 → B1×B3, B1×B2, B1×B2, B1×B3, B1×B3, B1×B2, B1×B2, B2×B2
[NUTS] Span adjustments: M7:1, M8:9

[NUTS] 44 segments placed across 2 layer(s). Interval violations: 0, Track overlaps: 8.
Overlaps  : 8  (M8=8)

============================================================
  M8  —  8 overlap(s)
============================================================
  [  1]  B1.M8[3]  ×  B3.M8[15]
         overlap span  [260.0, 270.0]  len=10.0
         overlap perp  [60.75, 209.25]  depth=148.50  area=1485.00
         B1.M8[3]:
    span=[260.0, 354.2]  perp_center=135.00  width=148.50  → perp=[60.75, 209.25]  interval=[20.0, 250.0]
         B3.M8[15]:
    span=[250.0, 270.0]  perp_center=135.00  width=148.50  → perp=[60.75, 209.25]  interval=[-98.0, 1198.0]
  [  2]  B1.M8[4]  ×  B2.M8[14]
         overlap span  [260.0, 270.0]  len=10.0
         overlap perp  [310.75, 459.25]  depth=148.50  area=1485.00
         B1.M8[4]:
    span=[260.0, 354.2]  perp_center=385.00  width=148.50  → perp=[310.75, 459.25]  interval=[270.0, 500.0]
         B2.M8[14]:
    span=[250.0, 270.0]  perp_center=385.00  width=148.50  → perp=[310.75, 459.25]  interval=[-98.0, 1198.0]
  [  3]  B1.M8[5]  ×  B2.M8[9]
         overlap span  [260.0, 270.0]  len=10.0
         overlap perp  [560.75, 709.25]  depth=148.50  area=1485.00
         B1.M8[5]:
    span=[260.0, 354.2]  perp_center=635.00  width=148.50  → perp=[560.75, 709.25]  interval=[520.0, 750.0]
         B2.M8[9]:
    span=[250.0, 270.0]  perp_center=635.00  width=148.50  → perp=[560.75, 709.25]  interval=[-98.0, 1198.0]
  [  4]  B1.M8[6]  ×  B3.M8[7]
         overlap span  [260.0, 270.0]  len=10.0
         overlap perp  [859.75, 959.25]  depth=99.50  area=995.00
         B1.M8[6]:
    span=[260.0, 354.2]  perp_center=885.00  width=148.50  → perp=[810.75, 959.25]  interval=[770.0, 1000.0]
         B3.M8[7]:
    span=[250.0, 270.0]  perp_center=934.00  width=148.50  → perp=[859.75, 1008.25]  interval=[-98.0, 1198.0]
  [  5]  B1.M8[6]  ×  B3.M8[11]
         overlap span  [260.0, 270.0]  len=10.0
         overlap perp  [810.75, 858.75]  depth=48.00  area=480.00
         B1.M8[6]:
    span=[260.0, 354.2]  perp_center=885.00  width=148.50  → perp=[810.75, 959.25]  interval=[770.0, 1000.0]
         B3.M8[11]:
    span=[250.0, 270.0]  perp_center=784.50  width=148.50  → perp=[710.25, 858.75]  interval=[-98.0, 1198.0]
  [  6]  B1.M8[9]  ×  B2.M8[6]
         overlap span  [750.0, 760.0]  len=10.0
         overlap perp  [560.75, 624.25]  depth=63.50  area=635.00
         B1.M8[9]:
    span=[665.8, 760.0]  perp_center=635.00  width=148.50  → perp=[560.75, 709.25]  interval=[520.0, 750.0]
         B2.M8[6]:
    span=[750.0, 770.0]  perp_center=550.00  width=148.50  → perp=[475.75, 624.25]  interval=[-98.0, 1198.0]
  [  7]  B1.M8[9]  ×  B2.M8[11]
         overlap span  [750.0, 760.0]  len=10.0
         overlap perp  [560.75, 624.25]  depth=63.50  area=635.00
         B1.M8[9]:
    span=[665.8, 760.0]  perp_center=635.00  width=148.50  → perp=[560.75, 709.25]  interval=[520.0, 750.0]
         B2.M8[11]:
    span=[750.0, 770.0]  perp_center=550.00  width=148.50  → perp=[475.75, 624.25]  interval=[-98.0, 1198.0]
  [  8]  B2.M8[6]  ×  B2.M8[11]
         overlap span  [750.0, 770.0]  len=20.0
         overlap perp  [475.75, 624.25]  depth=148.50  area=2970.00
         B2.M8[6]:
    span=[750.0, 770.0]  perp_center=550.00  width=148.50  → perp=[475.75, 624.25]  interval=[-98.0, 1198.0]
         B2.M8[11]:
    span=[750.0, 770.0]  perp_center=550.00  width=148.50  → perp=[475.75, 624.25]  interval=[-98.0, 1198.0]

