Bundler created 4 bundles.
Generated 14 topologies for bundle 1 (center->[topl,topr,botl,botr])
Generated 14 topologies for bundle 2 (center->[topl,topr,botl])
Generated 13 topologies for bundle 3 (topl->[topr,botl,botr])
Generated 10 topologies for bundle 4 (topr->[botl,botr])
[Planner] Grid extended: 2 X, 2 Y points from topology candidates.
[Planner] Layer channel capacities:
  M5 (V)  min_band_cap=50
  M4 (H)  min_band_cap=40
[Planner] Bundle 1 (12 units wide) -> TRUNK_H@y50  [H→M4 V→M5 V→M5 V→M5 V→M5]  overflow=0
[Planner] Bundle 2 (12 units wide) -> TRUNK_V@x150  [V→M5 H→M4 H→M4 H→M4 H→M4]  overflow=0
[Planner] Bundle 3 (12 units wide) -> TRUNK_H@y100  [H→M4 V→M5 V→M5 V→M5 V→M5]  overflow=0
[Planner] Bundle 4 (12 units wide) -> TRUNK_V@x450  [V→M5 H→M4]  overflow=0
[NUTS] 17 segments placed across 2 layer(s). Interval violations: 1, Track overlaps: 0.
[NUTS] M4: total bus width 126.0 units, spanning perpendicular interval [-45.0, 226.0]
[NUTS] M4: no local overlaps
[NUTS] M5: total bus width 180.0 units, spanning perpendicular interval [53.0, 466.0]
[NUTS] M5: no local overlaps
[NUTS] Span adjustments: M4:3, M5:2
NUTS overlap log → /Users/ben/src/buda/buda_system_v2/flow/mst1_nuts.log
[RoutingGrid] Layer 4: 10 slots, unit_pitch=18.000, signal_density=0.444, dilution=2.250
[RoutingGrid] Layer 5: 10 slots, unit_pitch=18.000, signal_density=0.444, dilution=2.250
[DetailedNUTS] 136 net segments placed, 0 bits unplaced.
