NUTS Overlap Report — nvdla_cbuf.buda
Generated : 2026-05-24T00:27:39

[NUTS] M7: total bus width 33.0 units, spanning perpendicular interval [1947.5, 1980.5]
[NUTS] M7: no local overlaps
[NUTS] M9: total bus width 924.0 units, spanning perpendicular interval [420.0, 2110.0]
[NUTS] M9 local overlaps: 4 → B1×B1, B1×B1, B1×B1, B1×B1
[NUTS] M10: total bus width 33.0 units, spanning perpendicular interval [1182.0, 1215.0]
[NUTS] M10: no local overlaps
[NUTS] Span adjustments: M7:1, M9:28, M10:1

[NUTS] 30 segments placed across 3 layer(s). Interval violations: 0, Track overlaps: 4.
Overlaps  : 4  (M9=4)

============================================================
  M9  —  4 overlap(s)
============================================================
  [  1]  B1.M9[2]  ×  B1.M9[3]
         overlap span  [893.0, 1198.5]  len=305.5
         overlap perp  [458.50, 475.50]  depth=17.00  area=5193.50
         B1.M9[2]:
    span=[633.0, 1198.5]  perp_center=475.00  width=33.00  → perp=[458.50, 491.50]  interval=[450.0, 500.0]
         B1.M9[3]:
    span=[893.0, 1198.5]  perp_center=459.00  width=33.00  → perp=[442.50, 475.50]  interval=[434.0, 484.0]
  [  2]  B1.M9[19]  ×  B1.M9[20]
         overlap span  [1198.5, 1239.0]  len=40.5
         overlap perp  [1981.50, 2000.50]  depth=19.00  area=769.50
         B1.M9[19]:
    span=[1198.5, 1239.0]  perp_center=1984.00  width=33.00  → perp=[1967.50, 2000.50]  interval=[1959.0, 2009.0]
         B1.M9[20]:
    span=[1198.5, 1590.0]  perp_center=1998.00  width=33.00  → perp=[1981.50, 2014.50]  interval=[1973.0, 2023.0]
  [  3]  B1.M9[21]  ×  B1.M9[27]
         overlap span  [1198.5, 1522.0]  len=323.5
         overlap perp  [1741.50, 1748.50]  depth=7.00  area=2264.50
         B1.M9[21]:
    span=[1198.5, 1522.0]  perp_center=1732.00  width=33.00  → perp=[1715.50, 1748.50]  interval=[1707.0, 1757.0]
         B1.M9[27]:
    span=[1198.5, 1842.0]  perp_center=1758.00  width=33.00  → perp=[1741.50, 1774.50]  interval=[1733.0, 1783.0]
  [  4]  B1.M9[21]  ×  B1.M9[28]
         overlap span  [1198.5, 1522.0]  len=323.5
         overlap perp  [1715.50, 1741.50]  depth=26.00  area=8411.00
         B1.M9[21]:
    span=[1198.5, 1522.0]  perp_center=1732.00  width=33.00  → perp=[1715.50, 1748.50]  interval=[1707.0, 1757.0]
         B1.M9[28]:
    span=[1198.5, 2093.0]  perp_center=1725.00  width=33.00  → perp=[1708.50, 1741.50]  interval=[1700.0, 1750.0]

