Bundler created 4 bundles.
Generated 12 topologies for bundle 1 (bottom->[topl,topr])
Generated 8 topologies for bundle 2 (topl->bottom)
Generated 5 topologies for bundle 3 (topl->topr)
Generated 8 topologies for bundle 4 (topr->bottom)
Pinned bundle 'b2_0' to topology 3 (Z_VHV@y150@x90, WL=220)
Pinned bundle 'b3_0' to topology 3 (Z_VHV@y150@x410, WL=220)
Pinned bundle 'b4_0' to topology 1 (U_VHV@y180, WL=360)
Pinned bundle 'bus_0' to topology 4 (TRUNK_H@y150, WL=470)
[Planner] Grid extended: 2 X, 2 Y points from topology candidates.
[Planner] Layer channel capacities:
  M5 (V)  min_band_cap=50
  M4 (H)  min_band_cap=30
[Planner] Bundle 1 (6 units wide) -> TRUNK_H@y150 [pinned]  [H→M4 V→M5 V→M5 V→M5]  overflow=0
[Planner] Bundle 2 (6 units wide) -> Z_VHV@y150@x90 [pinned]  [V→M5 H→M4 V→M5]  overflow=0
[Planner] Bundle 3 (6 units wide) -> U_VHV@y180 [pinned]  [V→M5 H→M4 V→M5]  overflow=0
[Planner] Bundle 4 (6 units wide) -> Z_VHV@y150@x410 [pinned]  [V→M5 H→M4 V→M5]  overflow=0
[NUTS] 13 segments placed across 2 layer(s). Interval violations: 0, Track overlaps: 0.
[NUTS] M4: total bus width 36.0 units, spanning perpendicular interval [145.5, 180.0]
[NUTS] M4: no local overlaps
[NUTS] M5: total bus width 81.0 units, spanning perpendicular interval [61.0, 439.0]
[NUTS] M5: no local overlaps
[NUTS] Span adjustments: M4:4, M5:5
NUTS overlap log → /Users/ben/src/buda/buda_system_v2/flow/pull1_nuts.log
[RoutingGrid] Layer 4: 10 slots, unit_pitch=18.000, signal_density=0.444, dilution=2.250
[RoutingGrid] Layer 5: 10 slots, unit_pitch=18.000, signal_density=0.444, dilution=2.250
[DetailedNUTS] 52 net segments placed, 0 bits unplaced.
Loaded 4 selection(s) from /Users/ben/src/buda/buda_system_v2/flow/pull1.json
Saved 4 selection(s) to /Users/ben/src/buda/buda_system_v2/flow/pull1.json
Pinned bundle 'b2_0' to topology 3 (Z_VHV@y150@x90, WL=220)
Pinned bundle 'b3_0' to topology 3 (Z_VHV@y150@x410, WL=220)
Pinned bundle 'b4_0' to topology 1 (U_VHV@y180, WL=360)
Pinned bundle 'bus_0' to topology 4 (TRUNK_H@y150, WL=470)
[NUTS] M4: total bus width 54.0 units, spanning perpendicular interval [137.5, 180.0]
[NUTS] M4: no local overlaps
[NUTS] M5: total bus width 121.5 units, spanning perpendicular interval [47.5, 452.5]
[NUTS] M5: no local overlaps
[NUTS] Span adjustments: M4:4, M5:9
NUTS overlap log appended to /Users/ben/src/buda/buda_system_v2/flow/pull1_nuts.log
[DetailedNUTS] 52 net segments placed, 0 bits unplaced.
