NUTS Overlap Report — pull1.buda
Generated : 2026-05-23T19:51:40

[NUTS] M4: total bus width 36.0 units, spanning perpendicular interval [145.5, 180.0]
[NUTS] M4: no local overlaps
[NUTS] M5: total bus width 81.0 units, spanning perpendicular interval [61.0, 439.0]
[NUTS] M5: no local overlaps
[NUTS] Span adjustments: M4:4, M5:5

[NUTS] 13 segments placed across 2 layer(s). Interval violations: 0, Track overlaps: 0.
Overlaps  : 0  ()

No overlaps.

============================================================
  Re-run: topo-rerun  —  pull1.buda
  At        : 2026-05-23T19:52:02
============================================================

[NUTS] M4: total bus width 54.0 units, spanning perpendicular interval [137.5, 180.0]
[NUTS] M4: no local overlaps
[NUTS] M5: total bus width 121.5 units, spanning perpendicular interval [47.5, 452.5]
[NUTS] M5: no local overlaps
[NUTS] Span adjustments: M4:4, M5:9

[NUTS] 13 segments placed across 2 layer(s). Interval violations: 0, Track overlaps: 0.
Overlaps  : 0  ()

No overlaps.
