Bundler created 1 bundles.
Generated 13 topologies for bundle 1 (src->L)
Pinned bundle 'clk' to topology 1 (TRUNK_V@x550, WL=200)
[Planner] Grid extended: 2 X, 2 Y points from topology candidates.
[Planner] Layer channel capacities:
  M5 (V)  min_band_cap=60
  M4 (H)  min_band_cap=40
[Planner] Bundle 1 (1.5 units wide) -> TRUNK_V@x550 [pinned]  [V→M5 H→M4]  overflow=0
[NUTS] 2 segments placed across 2 layer(s). Interval violations: 0, Track overlaps: 0.
[NUTS] M4: total bus width 1.5 units, spanning perpendicular interval [98.5, 100.0]
[NUTS] M4: no local overlaps
[NUTS] M5: total bus width 1.5 units, spanning perpendicular interval [500.0, 501.5]
[NUTS] M5: no local overlaps
[NUTS] Span adjustments: M4:1, M5:1
NUTS overlap log → /Users/ben/src/buda/buda_system_v2/flow/scenario5_lshaped_nuts.log
Loaded 1 selection(s) from /Users/ben/src/buda/buda_system_v2/flow/scenario5_lshaped.json
Saved 1 selection(s) to /Users/ben/src/buda/buda_system_v2/flow/scenario5_lshaped.json
Saved 1 selection(s) to /Users/ben/src/buda/buda_system_v2/flow/scenario5_lshaped.json
Pinned bundle 'clk' to topology 0 (TRUNK_V@x450, WL=150)
[NUTS] M4: total bus width 3.0 units, spanning perpendicular interval [98.5, 151.5]
[NUTS] M4: no local overlaps
[NUTS] M5: total bus width 1.5 units, spanning perpendicular interval [449.2, 450.8]
[NUTS] M5: no local overlaps
[NUTS] Span adjustments: M5:1
NUTS overlap log appended to /Users/ben/src/buda/buda_system_v2/flow/scenario5_lshaped_nuts.log
Loaded 1 selection(s) from /Users/ben/src/buda/buda_system_v2/flow/scenario5_lshaped.json
Saved 1 selection(s) to /Users/ben/src/buda/buda_system_v2/flow/scenario5_lshaped.json
Pinned bundle 'clk' to topology 1 (TRUNK_V@x550, WL=200)
[NUTS] M4: total bus width 1.5 units, spanning perpendicular interval [98.5, 100.0]
[NUTS] M4: no local overlaps
[NUTS] M5: total bus width 1.5 units, spanning perpendicular interval [500.0, 501.5]
[NUTS] M5: no local overlaps
[NUTS] Span adjustments: M4:1, M5:1
NUTS overlap log appended to /Users/ben/src/buda/buda_system_v2/flow/scenario5_lshaped_nuts.log
Saved 0 selection(s) to /Users/ben/src/buda/buda_system_v2/flow/scenario5_lshaped.json
