NUTS Overlap Report — scenario5_lshaped.buda
Generated : 2026-05-23T12:19:14

[NUTS] M4: total bus width 1.5 units, spanning perpendicular interval [98.5, 100.0]
[NUTS] M4: no local overlaps
[NUTS] M5: total bus width 1.5 units, spanning perpendicular interval [500.0, 501.5]
[NUTS] M5: no local overlaps
[NUTS] Span adjustments: M4:1, M5:1

[NUTS] 2 segments placed across 2 layer(s). Interval violations: 0, Track overlaps: 0.
Overlaps  : 0  ()

No overlaps.

============================================================
  Re-run: topo-rerun  —  scenario5_lshaped.buda
  At        : 2026-05-23T12:19:57
============================================================

[NUTS] M4: total bus width 3.0 units, spanning perpendicular interval [98.5, 151.5]
[NUTS] M4: no local overlaps
[NUTS] M5: total bus width 1.5 units, spanning perpendicular interval [449.2, 450.8]
[NUTS] M5: no local overlaps
[NUTS] Span adjustments: M5:1

[NUTS] 3 segments placed across 2 layer(s). Interval violations: 0, Track overlaps: 0.
Overlaps  : 0  ()

No overlaps.

============================================================
  Re-run: topo-rerun  —  scenario5_lshaped.buda
  At        : 2026-05-23T12:20:34
============================================================

[NUTS] M4: total bus width 1.5 units, spanning perpendicular interval [98.5, 100.0]
[NUTS] M4: no local overlaps
[NUTS] M5: total bus width 1.5 units, spanning perpendicular interval [500.0, 501.5]
[NUTS] M5: no local overlaps
[NUTS] Span adjustments: M4:1, M5:1

[NUTS] 2 segments placed across 2 layer(s). Interval violations: 0, Track overlaps: 0.
Overlaps  : 0  ()

No overlaps.
