[RoutingGrid] Layer 2: 10 slots, unit_pitch=18.000, signal_density=0.444, dilution=2.250
[RoutingGrid] Layer 3: 10 slots, unit_pitch=18.000, signal_density=0.444, dilution=2.250
[RoutingGrid] Layer 4: 10 slots, unit_pitch=18.000, signal_density=0.444, dilution=2.250
[RoutingGrid] Layer 5: 10 slots, unit_pitch=32.000, signal_density=0.500, dilution=2.000
[RoutingGrid] Layer 6: 10 slots, unit_pitch=34.000, signal_density=0.471, dilution=2.125
[RoutingGrid] Layer 7: 8 slots, unit_pitch=41.000, signal_density=0.439, dilution=2.278
Bundler created 1 bundles.
Generated 22 topologies for bundle 1 (blk1->[blk2,blk3,blk4,blk5])
  (pinned 5 segment layers)
Pinned bundle 'bus_0' to topology 2 (TRUNK_H@y450, WL=1520)
[Planner] Grid extended: 2 X, 2 Y points from topology candidates.
[Planner] Layer channel capacities:
  M3 (V)  min_band_cap=0
  M5 (V)  min_band_cap=100
  M7 (V)  min_band_cap=0
  M2 (H)  min_band_cap=0
  M4 (H)  min_band_cap=0
  M6 (H)  min_band_cap=80
[Planner] Bundle 1 (12 units wide) -> TRUNK_H@y450 [pinned]  [H→M6 V→M3 V→M5 V→M3 V→M7]  overflow=0
[NUTS] 5 segments placed across 4 layer(s). Interval violations: 0, Track overlaps: 0.
[NUTS] M3: total bus width 54.0 units, spanning perpendicular interval [720.0, 1247.0]
[NUTS] M3: no local overlaps
[NUTS] M5: total bus width 24.0 units, spanning perpendicular interval [1020.0, 1044.0]
[NUTS] M5: no local overlaps
[NUTS] M6: total bus width 25.5 units, spanning perpendicular interval [437.2, 462.8]
[NUTS] M6: no local overlaps
[NUTS] M7: total bus width 27.3 units, spanning perpendicular interval [420.0, 447.3]
[NUTS] M7: no local overlaps
[NUTS] Span adjustments: M6:1
NUTS overlap log → /Users/ben/src/buda/buda_system_v2/flow/talk1_nuts.log
[DetailedNUTS] 40 net segments placed, 0 bits unplaced.
Loaded 1 selection(s) from /Users/ben/src/buda/buda_system_v2/flow/talk1.json
