[RoutingGrid] Layer 2: 10 slots, unit_pitch=18.000, signal_density=0.444, dilution=2.250
[RoutingGrid] Layer 3: 10 slots, unit_pitch=18.000, signal_density=0.444, dilution=2.250
[RoutingGrid] Layer 4: 10 slots, unit_pitch=18.000, signal_density=0.444, dilution=2.250
[RoutingGrid] Layer 5: 10 slots, unit_pitch=32.000, signal_density=0.500, dilution=2.000
[RoutingGrid] Layer 6: 10 slots, unit_pitch=34.000, signal_density=0.471, dilution=2.125
[RoutingGrid] Layer 7: 8 slots, unit_pitch=41.000, signal_density=0.439, dilution=2.278
Bundler created 1 bundles.
Generated 18 topologies for bundle 1 (blk1->[blk2,blk3])
[Check] Verifying topology-level connectivity (all candidates)...
  Success: no opens found.
Pinned bundle 'bus_0' to topology 9 (TRUNK_V@x550, WL=750)
[Planner] Grid extended: 2 X, 2 Y points from topology candidates.
[Planner] Layer channel capacities:
  M3 (V)  min_band_cap=0
  M5 (V)  min_band_cap=80
  M7 (V)  min_band_cap=0
  M2 (H)  min_band_cap=0
  M4 (H)  min_band_cap=0
  M6 (H)  min_band_cap=70
[Planner] Bundle 1 (12 units wide) -> TRUNK_V@x550 [pinned]  [V→M5 H→M6]  overflow=0
[Check] Verifying topology-level connectivity...
  Success: no opens found.
[NUTS] 2 segments placed across 2 layer(s). Interval violations: 0, Track overlaps: 0.
[NUTS] M5: total bus width 24.0 units, spanning perpendicular interval [320.0, 344.0]
[NUTS] M5: no local overlaps
[NUTS] M6: total bus width 25.5 units, spanning perpendicular interval [600.0, 625.5]
[NUTS] M6: no local overlaps
[NUTS] Span adjustments: M5:1, M6:1
NUTS overlap log → /Users/ben/src/buda/flow/talk2_nuts.log
[Check] Verifying NUTS-level connectivity...
  Bundle 1: Block 'blk3' has no pass-through segment at placed track positions (nuts)
[DetailedNUTS] 16 net segments placed, 0 bits unplaced.
[Check] Verifying Detailed NUTS-level connectivity...
  Bundle 1: Block 'blk3' Bit 0 has no pass-through segment at placed track positions (dnuts)
  Bundle 1: Block 'blk3' Bit 1 has no pass-through segment at placed track positions (dnuts)
  Bundle 1: Block 'blk3' Bit 2 has no pass-through segment at placed track positions (dnuts)
  Bundle 1: Block 'blk3' Bit 3 has no pass-through segment at placed track positions (dnuts)
  Bundle 1: Block 'blk3' Bit 4 has no pass-through segment at placed track positions (dnuts)
  Bundle 1: Block 'blk3' Bit 5 has no pass-through segment at placed track positions (dnuts)
  Bundle 1: Block 'blk3' Bit 6 has no pass-through segment at placed track positions (dnuts)
  Bundle 1: Block 'blk3' Bit 7 has no pass-through segment at placed track positions (dnuts)
[viz_ipc] unlinking stale /tmp/buda_ipc_talk2.sock
[viz_ipc] listening on /tmp/buda_ipc_talk2.sock
[buda_viz] IPC session='talk2' connected=False
[buda_viz] IPC timer started (backend=FigureCanvasMac)
Loaded 1 selection(s) from /Users/ben/src/buda/flow/talk2.json
