Bundler created 2 bundles.
Generated 20 topologies for bundle 1 (bt1a->[bt1b,bt2a,bt2b])
Generated 8 topologies for bundle 2 (bt1a->bt2a)
[Planner] Grid extended: 2 X, 2 Y points from topology candidates.
[Planner] Layer channel capacities:
  M5 (V)  min_band_cap=80
  M6 (H)  min_band_cap=50
[Planner] Bundle 1 (12 units wide) -> MST_HV  [H→M6 V→M5 H→M6 V→M5]  overflow=0
[Planner] Bundle 2 (12 units wide) -> Z_HVH@x350@y210  [H→M6 V→M5 H→M6]  overflow=0
[NUTS] 7 segments placed across 2 layer(s). Interval violations: 0, Track overlaps: 0.
[NUTS] M5: no local overlaps
[NUTS] M6: no local overlaps
[NUTS] Span adjustments: M5:1
NUTS overlap log → /Users/ben/src/buda/buda_system_v2/flow/teg1not_nuts.log
Saved 1 selection(s) to /Users/ben/src/buda/buda_system_v2/flow/teg1not.json
Saved 1 selection(s) to /Users/ben/src/buda/buda_system_v2/flow/teg1not.json
/Users/ben/src/buda/buda_system_v2/src/buda_viz.py:609: UserWarning: Glyph 9203 (\N{HOURGLASS WITH FLOWING SAND}) missing from font(s) DejaVu Sans.
  self.fig.canvas.flush_events()
Pinned bundle 'bus2_0' to topology 2 (TRUNK_H@y175, WL=1090)
[NUTS] M5: no local overlaps
[NUTS] M6: no local overlaps
[NUTS] Span adjustments: M5:1, M6:1
NUTS overlap log appended to /Users/ben/src/buda/buda_system_v2/flow/teg1not_nuts.log
