Bundler created 3 bundles.
Generated 5 topologies for bundle 1 (u1->u2)
Generated 5 topologies for bundle 2 (u1->u3)
Generated 8 topologies for bundle 3 (u2->u3)
Warning: selection for 'bb1' matched by index hint (type/WL changed?) — using topo 3
Pinned bundle 'bb1' to topology 3 (Z_HVH@x125@y95, WL=92)
Warning: selection for 'bb2' matched by index hint (type/WL changed?) — using topo 2
Pinned bundle 'bb2' to topology 2 (U_HVH@x105, WL=70)
Warning: selection for 'bb3' matched by index hint (type/WL changed?) — using topo 2
Pinned bundle 'bb3' to topology 2 (Z_HVH@x125@y95, WL=110)
[Planner] Grid extended: 3 X, 3 Y points from topology candidates.
[Planner] Layer channel capacities:
  M5 (V)  min_band_cap=5
  M4 (H)  min_band_cap=5
  M6 (H)  min_band_cap=5
[Planner] Bundle 1 (12 units wide) -> Z_HVH@x125@y100 [pinned]  [H→M6 V→M5 H→M6]  overflow=0
[Planner] Bundle 2 (6 units wide) -> U_HVH@x45 [pinned]  [H→M6 V→M5 H→M6]  overflow=1
[Planner] Bundle 3 (6 units wide) -> Z_HVH@x125@y100 [pinned]  [H→M6 V→M5 H→M6]  overflow=0
[NUTS] 9 segments placed across 2 layer(s). Interval violations: 5, Track overlaps: 0.
[NUTS] M5: no local overlaps
[NUTS] M6: no local overlaps
[NUTS] Span adjustments: M5:3, M6:2
NUTS overlap log → /Users/ben/src/buda/buda_system_v2/flow/three_blocks_3_bundles_nuts.log
