NUTS Overlap Report — tShape1.buda
Generated : 2026-05-23T19:55:12

[NUTS] M4: total bus width 3.0 units, spanning perpendicular interval [98.5, 151.5]
[NUTS] M4: no local overlaps
[NUTS] M5: total bus width 1.5 units, spanning perpendicular interval [449.2, 450.8]
[NUTS] M5: no local overlaps
[NUTS] Span adjustments: M5:1

[NUTS] 3 segments placed across 2 layer(s). Interval violations: 0, Track overlaps: 0.
Overlaps  : 0  ()

No overlaps.

============================================================
  Re-run: topo-rerun  —  tShape1.buda
  At        : 2026-05-23T19:55:43
============================================================

[NUTS] M4: total bus width 1.5 units, spanning perpendicular interval [150.0, 151.5]
[NUTS] M4: no local overlaps
[NUTS] M5: total bus width 1.5 units, spanning perpendicular interval [398.5, 400.0]
[NUTS] M5: no local overlaps
[NUTS] Span adjustments: M4:1, M5:1

[NUTS] 2 segments placed across 2 layer(s). Interval violations: 0, Track overlaps: 0.
Overlaps  : 0  ()

No overlaps.

============================================================
  Re-run: topo-rerun  —  tShape1.buda
  At        : 2026-05-23T19:56:13
============================================================

[NUTS] M4: total bus width 1.5 units, spanning perpendicular interval [199.2, 200.8]
[NUTS] M4: no local overlaps

[NUTS] 1 segments placed across 1 layer(s). Interval violations: 0, Track overlaps: 0.
Overlaps  : 0  ()

No overlaps.

============================================================
  Re-run: topo-rerun  —  tShape1.buda
  At        : 2026-05-23T19:56:36
============================================================

[NUTS] M4: total bus width 3.0 units, spanning perpendicular interval [98.5, 151.5]
[NUTS] M4: no local overlaps
[NUTS] M5: total bus width 1.5 units, spanning perpendicular interval [-21.5, -20.0]
[NUTS] M5: no local overlaps
[NUTS] Span adjustments: M4:2, M5:1

[NUTS] 3 segments placed across 2 layer(s). Interval violations: 0, Track overlaps: 0.
Overlaps  : 0  ()

No overlaps.

============================================================
  Re-run: topo-rerun  —  tShape1.buda
  At        : 2026-05-23T19:57:30
============================================================

[NUTS] M4: total bus width 3.0 units, spanning perpendicular interval [98.5, 151.5]
[NUTS] M4: no local overlaps
[NUTS] M5: total bus width 1.5 units, spanning perpendicular interval [-21.5, -20.0]
[NUTS] M5: no local overlaps
[NUTS] Span adjustments: M4:2, M5:1

[NUTS] 3 segments placed across 2 layer(s). Interval violations: 0, Track overlaps: 0.
Overlaps  : 0  ()

No overlaps.
