Bundler created 1 bundles.
Generated 14 topologies for bundle 1 (src->L)
[Planner] Grid extended: 2 X, 2 Y points from topology candidates.
[Planner] Layer channel capacities:
  M5 (V)  min_band_cap=60
  M4 (H)  min_band_cap=40
[Planner] Bundle 1 (1.5 units wide) -> TRUNK_V@x450  [V→M5 H→M4 H→M4]  overflow=0
[NUTS] 3 segments placed across 2 layer(s). Interval violations: 0, Track overlaps: 0.
[NUTS] M4: total bus width 3.0 units, spanning perpendicular interval [98.5, 151.5]
[NUTS] M4: no local overlaps
[NUTS] M5: total bus width 1.5 units, spanning perpendicular interval [449.2, 450.8]
[NUTS] M5: no local overlaps
[NUTS] Span adjustments: M5:1
NUTS overlap log → /Users/ben/src/buda/buda_system_v2/flow/tShape1_nuts.log
Saved 1 selection(s) to /Users/ben/src/buda/buda_system_v2/flow/tShape1.json
Pinned bundle 'clk' to topology 11 (TRUNK_V@x250, WL=500)
[NUTS] M4: total bus width 1.5 units, spanning perpendicular interval [150.0, 151.5]
[NUTS] M4: no local overlaps
[NUTS] M5: total bus width 1.5 units, spanning perpendicular interval [398.5, 400.0]
[NUTS] M5: no local overlaps
[NUTS] Span adjustments: M4:1, M5:1
NUTS overlap log appended to /Users/ben/src/buda/buda_system_v2/flow/tShape1_nuts.log
Saved 1 selection(s) to /Users/ben/src/buda/buda_system_v2/flow/tShape1.json
Pinned bundle 'clk' to topology 12 (I_H, WL=600)
[NUTS] M4: total bus width 1.5 units, spanning perpendicular interval [199.2, 200.8]
[NUTS] M4: no local overlaps
NUTS overlap log appended to /Users/ben/src/buda/buda_system_v2/flow/tShape1_nuts.log
Saved 1 selection(s) to /Users/ben/src/buda/buda_system_v2/flow/tShape1.json
/Users/ben/src/buda/buda_system_v2/src/buda_viz.py:626: UserWarning: Glyph 9203 (\N{HOURGLASS WITH FLOWING SAND}) missing from font(s) DejaVu Sans.
  self.fig.canvas.flush_events()
Pinned bundle 'clk' to topology 13 (TRUNK_V_OOB@x-60, WL=670)
[NUTS] M4: total bus width 3.0 units, spanning perpendicular interval [98.5, 151.5]
[NUTS] M4: no local overlaps
[NUTS] M5: total bus width 1.5 units, spanning perpendicular interval [-21.5, -20.0]
[NUTS] M5: no local overlaps
[NUTS] Span adjustments: M4:2, M5:1
NUTS overlap log appended to /Users/ben/src/buda/buda_system_v2/flow/tShape1_nuts.log
Saved 1 selection(s) to /Users/ben/src/buda/buda_system_v2/flow/tShape1.json
Pinned bundle 'clk' to topology 13 (TRUNK_V_OOB@x-60, WL=670)
[NUTS] M4: total bus width 3.0 units, spanning perpendicular interval [98.5, 151.5]
[NUTS] M4: no local overlaps
[NUTS] M5: total bus width 1.5 units, spanning perpendicular interval [-21.5, -20.0]
[NUTS] M5: no local overlaps
[NUTS] Span adjustments: M4:2, M5:1
NUTS overlap log appended to /Users/ben/src/buda/buda_system_v2/flow/tShape1_nuts.log
Saved 0 selection(s) to /Users/ben/src/buda/buda_system_v2/flow/tShape1.json
