Bundler created 13 bundles.
Generated 8 topologies for bundle 1 (u0->u11)
Generated 7 topologies for bundle 2 (u0->u12)
Generated 8 topologies for bundle 3 (u0->u13)
Generated 7 topologies for bundle 4 (u0->u14)
Generated 8 topologies for bundle 5 (u0->u15)
Generated 7 topologies for bundle 6 (u0->u21)
Generated 5 topologies for bundle 7 (u0->u22)
Generated 7 topologies for bundle 8 (u0->u23)
Generated 7 topologies for bundle 9 (u0->u31)
Generated 7 topologies for bundle 10 (u0->u32)
Generated 8 topologies for bundle 11 (u0->u33)
Generated 7 topologies for bundle 12 (u0->u41)
Generated 8 topologies for bundle 13 (u0->u51)
[Planner] Grid extended: 2 X, 3 Y points from topology candidates.
[Planner] Layer channel capacities:
  M5 (V)  min_band_cap=45
  M4 (H)  min_band_cap=20
[Planner] Bundle 1 (1.5 units wide) -> Z_VHV@y700@x285  [V→M5 H→M4 V→M5]  overflow=0
[Planner] Bundle 2 (1.5 units wide) -> L_HV@x565@y580  [H→M4 V→M5]  overflow=0
[Planner] Bundle 3 (1.5 units wide) -> I_H  [H→M4]  overflow=0
[Planner] Bundle 4 (1.5 units wide) -> I_H  [H→M4]  overflow=0
[Planner] Bundle 5 (1.5 units wide) -> I_H  [H→M4]  overflow=0
[Planner] Bundle 6 (1.5 units wide) -> I_H  [H→M4]  overflow=0
[Planner] Bundle 7 (1.5 units wide) -> I_H  [H→M4]  overflow=0
[Planner] Bundle 8 (1.5 units wide) -> I_H  [H→M4]  overflow=0
[Planner] Bundle 9 (1.5 units wide) -> I_H  [H→M4]  overflow=0
[Planner] Bundle 10 (1.5 units wide) -> I_H  [H→M4]  overflow=0
[Planner] Bundle 11 (1.5 units wide) -> I_H  [H→M4]  overflow=0
[Planner] Bundle 12 (1.5 units wide) -> L_HV@x415@y420  [H→M4 V→M5]  overflow=0
[Planner] Bundle 13 (1.5 units wide) -> Z_VHV@y350@x285  [V→M5 H→M4 V→M5]  overflow=0
[NUTS] 19 segments placed across 2 layer(s). Interval violations: 0, Track overlaps: 0.
[NUTS] M4: total bus width 19.5 units, spanning perpendicular interval [349.2, 700.8]
[NUTS] M4: no local overlaps
[NUTS] M5: total bus width 9.0 units, spanning perpendicular interval [283.5, 566.5]
[NUTS] M5: no local overlaps
[NUTS] Span adjustments: M4:4, M5:2
NUTS overlap log → /Users/ben/src/buda/buda_system_v2/flow/two_nuts.log
