Bundler created 13 bundles.
Generated 8 topologies for bundle 1 (u0->u11)
Generated 7 topologies for bundle 2 (u0->u12)
Generated 7 topologies for bundle 3 (u0->u13)
Generated 7 topologies for bundle 4 (u0->u14)
Generated 8 topologies for bundle 5 (u0->u15)
Generated 7 topologies for bundle 6 (u0->u21)
Generated 5 topologies for bundle 7 (u0->u22)
Generated 7 topologies for bundle 8 (u0->u23)
Generated 5 topologies for bundle 9 (u0->u31)
Generated 6 topologies for bundle 10 (u0->u32)
Generated 6 topologies for bundle 11 (u0->u33)
Generated 7 topologies for bundle 12 (u0->u41)
Generated 8 topologies for bundle 13 (u0->u51)
[Planner] Grid extended: 3 X, 2 Y points from topology candidates.
[Planner] Layer channel capacities:
  M5 (V)  min_band_cap=20
  M4 (H)  min_band_cap=45
[Planner] Bundle 1 (12 units wide) -> Z_HVH@x700@y458  [H→M4 V→M5 H→M4]  overflow=0
[Planner] Bundle 2 (12 units wide) -> L_HV@x620@y458  [H→M4 V→M5]  overflow=0
[Planner] Bundle 3 (12 units wide) -> I_V  [V→M5]  overflow=0
[Planner] Bundle 4 (12 units wide) -> I_V  [V→M5]  overflow=0
[Planner] Bundle 5 (12 units wide) -> I_V  [V→M5]  overflow=0
[Planner] Bundle 6 (12 units wide) -> I_V  [V→M5]  overflow=0
[Planner] Bundle 7 (12 units wide) -> I_V  [V→M5]  overflow=0
[Planner] Bundle 8 (12 units wide) -> I_V  [V→M5]  overflow=0
[Planner] Bundle 9 (12 units wide) -> I_V  [V→M5]  overflow=0
[Planner] Bundle 10 (12 units wide) -> I_V  [V→M5]  overflow=0
[Planner] Bundle 11 (12 units wide) -> I_V  [V→M5]  overflow=0
[Planner] Bundle 12 (12 units wide) -> L_HV@x380@y458  [H→M4 V→M5]  overflow=0
[Planner] Bundle 13 (12 units wide) -> Z_HVH@x350@y458  [H→M4 V→M5 H→M4]  overflow=0
[NUTS] 19 segments placed across 2 layer(s). Interval violations: 0, Track overlaps: 0.
[NUTS] M4: total bus width 72.0 units, spanning perpendicular interval [230.0, 483.0]
[NUTS] M4: no local overlaps
[NUTS] M5: total bus width 156.0 units, spanning perpendicular interval [344.0, 706.0]
[NUTS] M5: no local overlaps
[NUTS] Span adjustments: M4:2, M5:4
NUTS overlap log → /Users/ben/src/buda/buda_system_v2/flow/two_rotated_buses_nuts.log
[RoutingGrid] Layer 4: 10 slots, unit_pitch=18.000, signal_density=0.444, dilution=2.250
[RoutingGrid] Layer 5: 10 slots, unit_pitch=18.000, signal_density=0.444, dilution=2.250
[DetailedNUTS] 152 net segments placed, 0 bits unplaced.
