Bundler created 5 bundles.
Generated 8 topologies for bundle 1 (u0->u11)
Generated 7 topologies for bundle 2 (u0->u12)
Generated 8 topologies for bundle 3 (u0->u13)
Generated 7 topologies for bundle 4 (u0->u14)
Generated 8 topologies for bundle 5 (u0->u15)
[Planner] Grid extended: 3 X, 6 Y points from topology candidates.
[Planner] Layer channel capacities:
  M5 (V)  min_band_cap=20
  M4 (H)  min_band_cap=10
[Planner] Bundle 1 (1.5 units wide) -> Z_VHV@y375@x585  [V→M5 H→M4 V→M5]  overflow=0
[Planner] Bundle 2 (1.5 units wide) -> L_HV@x615@y230  [H→M4 V→M5]  overflow=0
[Planner] Bundle 3 (1.5 units wide) -> I_V  [V→M5]  overflow=0
[Planner] Bundle 4 (1.5 units wide) -> U_HVH@x340  [H→M4 V→M5 H→M4]  overflow=0
[Planner] Bundle 5 (1.5 units wide) -> L_HV@x315  [H→M4 V→M5]  overflow=0
[NUTS] 11 segments placed across 2 layer(s). Interval violations: 0, Track overlaps: 0.
[NUTS] M4: no local overlaps
[NUTS] M5: no local overlaps
[NUTS] Span adjustments: M4:5, M5:3
NUTS overlap log → /Users/ben/src/buda/buda_system_v2/flow/two_busterms_rotated_nuts.log
