NUTS Overlap Report — ariane.buda
Generated : 2026-05-28T15:05:33

[NUTS] M4: total bus width 21.0 units, spanning perpendicular interval [57.5, 78.5]
[NUTS] M4: no local overlaps
[NUTS] M5: total bus width 75.0 units, spanning perpendicular interval [17.5, 136.0]
[NUTS] M5 local overlaps: 1 → B6×B7
[NUTS] M6: total bus width 90.0 units, spanning perpendicular interval [50.0, 117.0]
[NUTS] M6: no local overlaps
[NUTS] Span adjustments: M5:1, M6:1

[NUTS] 10 segments placed across 3 layer(s). Interval violations: 0, Track overlaps: 1.
Overlaps  : 1  (M5=1)

============================================================
  M5  —  1 overlap(s)
============================================================
  [  1]  B6.M7[0]  ×  B7.M7[0]
         overlap span  [40.0, 43.0]  len=3.0
         overlap perp  [26.00, 38.00]  depth=12.00  area=36.00
         B6.M7[0]:
    span=[40.0, 43.0]  perp_center=32.00  width=12.00  → perp=[26.00, 38.00]  interval=[5.0, 60.0]
         B7.M7[0]:
    span=[40.0, 43.0]  perp_center=32.50  width=30.00  → perp=[17.50, 47.50]  interval=[5.0, 60.0]

